Component: Arm Compiler for Embedded 6.21 Tool: armlink [5ec1fa00]

==============================================================================

Section Cross References

    main.o(.ARM.exidx.text.Motor_Init) refers to main.o(.text.Motor_Init) for [Anonymous Symbol]
    main.o(.ARM.exidx.text.Switches_Init) refers to main.o(.text.Switches_Init) for [Anonymous Symbol]
    main.o(.ARM.exidx.text.Switch_Init) refers to main.o(.text.Switch_Init) for [Anonymous Symbol]
    main.o(.ARM.exidx.text.IR_Init) refers to main.o(.text.IR_Init) for [Anonymous Symbol]
    main.o(.ARM.exidx.text.MotorUp) refers to main.o(.text.MotorUp) for [Anonymous Symbol]
    main.o(.ARM.exidx.text.MotorDown) refers to main.o(.text.MotorDown) for [Anonymous Symbol]
    main.o(.ARM.exidx.text.MotorStop) refers to main.o(.text.MotorStop) for [Anonymous Symbol]
    main.o(.text.Task_Driver) refers to main.o(.bss.xMutex) for xMutex
    main.o(.text.Task_Driver) refers to main.o(.bss.xQueue) for xQueue
    main.o(.text.Task_Driver) refers to main.o(.bss.counter) for counter
    main.o(.text.Task_Driver) refers to queue.o(.text.xQueueGenericSend) for xQueueGenericSend
    main.o(.text.Task_Driver) refers to queue.o(.text.xQueueSemaphoreTake) for xQueueSemaphoreTake
    main.o(.ARM.exidx.text.Task_Driver) refers to main.o(.text.Task_Driver) for [Anonymous Symbol]
    main.o(.text.Task_Passenger) refers to main.o(.bss.xMutex) for xMutex
    main.o(.text.Task_Passenger) refers to main.o(.bss.xQueue) for xQueue
    main.o(.text.Task_Passenger) refers to queue.o(.text.xQueueGenericSend) for xQueueGenericSend
    main.o(.text.Task_Passenger) refers to queue.o(.text.xQueueSemaphoreTake) for xQueueSemaphoreTake
    main.o(.ARM.exidx.text.Task_Passenger) refers to main.o(.text.Task_Passenger) for [Anonymous Symbol]
    main.o(.text.Task_Safety) refers to main.o(.bss.xBinarySemaphore) for xBinarySemaphore
    main.o(.text.Task_Safety) refers to queue.o(.text.xQueueSemaphoreTake) for xQueueSemaphoreTake
    main.o(.text.Task_Safety) refers to queue.o(.text.xQueueGenericSend) for xQueueGenericSend
    main.o(.ARM.exidx.text.Task_Safety) refers to main.o(.text.Task_Safety) for [Anonymous Symbol]
    main.o(.ARM.exidx.text.vApplicationIdleHook) refers to main.o(.text.vApplicationIdleHook) for [Anonymous Symbol]
    main.o(.text.main) refers to queue.o(.text.xQueueGenericCreate) for xQueueGenericCreate
    main.o(.text.main) refers to main.o(.bss.xQueue) for xQueue
    main.o(.text.main) refers to queue.o(.text.xQueueCreateMutex) for xQueueCreateMutex
    main.o(.text.main) refers to main.o(.bss.xMutex) for xMutex
    main.o(.text.main) refers to main.o(.bss.xBinarySemaphore) for xBinarySemaphore
    main.o(.text.main) refers to main.o(.text.Task_Driver) for Task_Driver
    main.o(.text.main) refers to tasks.o(.text.xTaskCreate) for xTaskCreate
    main.o(.text.main) refers to main.o(.text.Task_Passenger) for Task_Passenger
    main.o(.text.main) refers to main.o(.text.Task_Rec) for Task_Rec
    main.o(.text.main) refers to main.o(.text.Task_Safety) for Task_Safety
    main.o(.text.main) refers to tasks.o(.text.vTaskStartScheduler) for vTaskStartScheduler
    main.o(.ARM.exidx.text.main) refers to main.o(.text.main) for [Anonymous Symbol]
    main.o(.text.GPIOF_Handler) refers to main.o(.bss.xBinarySemaphore) for xBinarySemaphore
    main.o(.text.GPIOF_Handler) refers to queue.o(.text.xQueueGiveFromISR) for xQueueGiveFromISR
    main.o(.ARM.exidx.text.GPIOF_Handler) refers to main.o(.text.GPIOF_Handler) for [Anonymous Symbol]
    main.o(.text.Task_Rec) refers to main.o(.bss.xQueue) for xQueue
    main.o(.text.Task_Rec) refers to queue.o(.text.uxQueueMessagesWaiting) for uxQueueMessagesWaiting
    main.o(.text.Task_Rec) refers to queue.o(.text.xQueueReceive) for xQueueReceive
    main.o(.ARM.exidx.text.Task_Rec) refers to main.o(.text.Task_Rec) for [Anonymous Symbol]
    dio.o(.ARM.exidx.text.DIO_Init) refers to dio.o(.text.DIO_Init) for [Anonymous Symbol]
    dio.o(.ARM.exidx.text.DIO_WritePin) refers to dio.o(.text.DIO_WritePin) for [Anonymous Symbol]
    dio.o(.ARM.exidx.text.DIO_ReadPin) refers to dio.o(.text.DIO_ReadPin) for [Anonymous Symbol]
    dio.o(.ARM.exidx.text.DIO_WritePort) refers to dio.o(.text.DIO_WritePort) for [Anonymous Symbol]
    dio.o(.ARM.exidx.text.DIO_TogglePin) refers to dio.o(.text.DIO_TogglePin) for [Anonymous Symbol]
    startup_tm4c123.o(STACK) refers (Special) to heapauxi.o(.text) for __use_two_region_memory
    startup_tm4c123.o(HEAP) refers (Special) to heapauxi.o(.text) for __use_two_region_memory
    startup_tm4c123.o(RESET) refers (Special) to heapauxi.o(.text) for __use_two_region_memory
    startup_tm4c123.o(RESET) refers to startup_tm4c123.o(STACK) for __initial_sp
    startup_tm4c123.o(RESET) refers to startup_tm4c123.o(.text) for Reset_Handler
    startup_tm4c123.o(RESET) refers to port.o(.text.SVC_Handler) for SVC_Handler
[...]
    Removing queue.o(.ARM.exidx.text.xQueueGiveMutexRecursive), (8 bytes).
    Removing queue.o(.ARM.exidx.text.xQueueGenericSend), (8 bytes).
    Removing queue.o(.text.xQueueTakeMutexRecursive), (60 bytes).
    Removing queue.o(.ARM.exidx.text.xQueueTakeMutexRecursive), (8 bytes).
    Removing queue.o(.ARM.exidx.text.xQueueSemaphoreTake), (8 bytes).
    Removing queue.o(.text.xQueueCreateCountingSemaphore), (50 bytes).
    Removing queue.o(.ARM.exidx.text.xQueueCreateCountingSemaphore), (8 bytes).
    Removing queue.o(.ARM.exidx.text.prvNotifyQueueSetContainer), (8 bytes).
    Removing queue.o(.ARM.exidx.text.prvUnlockQueue), (8 bytes).
    Removing queue.o(.text.xQueueGenericSendFromISR), (364 bytes).
    Removing queue.o(.ARM.exidx.text.xQueueGenericSendFromISR), (8 bytes).
    Removing queue.o(.ARM.exidx.text.xQueueGiveFromISR), (8 bytes).
    Removing queue.o(.ARM.exidx.text.xQueueReceive), (8 bytes).
    Removing queue.o(.text.xQueuePeek), (416 bytes).
    Removing queue.o(.ARM.exidx.text.xQueuePeek), (8 bytes).
    Removing queue.o(.text.xQueueReceiveFromISR), (246 bytes).
    Removing queue.o(.ARM.exidx.text.xQueueReceiveFromISR), (8 bytes).
    Removing queue.o(.text.xQueuePeekFromISR), (152 bytes).
    Removing queue.o(.ARM.exidx.text.xQueuePeekFromISR), (8 bytes).
    Removing queue.o(.ARM.exidx.text.uxQueueMessagesWaiting), (8 bytes).
    Removing queue.o(.text.uxQueueSpacesAvailable), (42 bytes).
    Removing queue.o(.ARM.exidx.text.uxQueueSpacesAvailable), (8 bytes).
    Removing queue.o(.text.uxQueueMessagesWaitingFromISR), (26 bytes).
    Removing queue.o(.ARM.exidx.text.uxQueueMessagesWaitingFromISR), (8 bytes).
    Removing queue.o(.text.vQueueDelete), (26 bytes).
    Removing queue.o(.ARM.exidx.text.vQueueDelete), (8 bytes).
    Removing queue.o(.text.xQueueIsQueueEmptyFromISR), (30 bytes).
    Removing queue.o(.ARM.exidx.text.xQueueIsQueueEmptyFromISR), (8 bytes).
    Removing queue.o(.text.xQueueIsQueueFullFromISR), (34 bytes).
    Removing queue.o(.ARM.exidx.text.xQueueIsQueueFullFromISR), (8 bytes).
    Removing queue.o(.ARM.exidx.text.vQueueWaitForMessageRestricted), (8 bytes).
    Removing queue.o(.text.xQueueCreateSet), (8 bytes).
    Removing queue.o(.ARM.exidx.text.xQueueCreateSet), (8 bytes).
    Removing queue.o(.text.xQueueAddToSet), (38 bytes).
    Removing queue.o(.ARM.exidx.text.xQueueAddToSet), (8 bytes).
    Removing queue.o(.text.xQueueRemoveFromSet), (40 bytes).
    Removing queue.o(.ARM.exidx.text.xQueueRemoveFromSet), (8 bytes).
    Removing queue.o(.text.xQueueSelectFromSet), (22 bytes).
    Removing queue.o(.ARM.exidx.text.xQueueSelectFromSet), (8 bytes).
    Removing queue.o(.text.xQueueSelectFromSetFromISR), (22 bytes).
    Removing queue.o(.ARM.exidx.text.xQueueSelectFromSetFromISR), (8 bytes).
    Removing tasks.o(.text), (0 bytes).
    Removing tasks.o(.ARM.exidx.text.xTaskCreate), (8 bytes).
    Removing tasks.o(.text.vTaskDelete), (290 bytes).
    Removing tasks.o(.ARM.exidx.text.vTaskDelete), (8 bytes).
    Removing tasks.o(.text.xTaskDelayUntil), (296 bytes).
    Removing tasks.o(.ARM.exidx.text.xTaskDelayUntil), (8 bytes).
    Removing tasks.o(.ARM.exidx.text.vTaskSuspendAll), (8 bytes).
    Removing tasks.o(.ARM.exidx.text.xTaskResumeAll), (8 bytes).
    Removing tasks.o(.text.vTaskDelay), (194 bytes).
    Removing tasks.o(.ARM.exidx.text.vTaskDelay), (8 bytes).
    Removing tasks.o(.text.eTaskGetState), (110 bytes).
    Removing tasks.o(.ARM.exidx.text.eTaskGetState), (8 bytes).
    Removing tasks.o(.text.uxTaskPriorityGet), (30 bytes).
    Removing tasks.o(.ARM.exidx.text.uxTaskPriorityGet), (8 bytes).
    Removing tasks.o(.text.uxTaskPriorityGetFromISR), (48 bytes).
    Removing tasks.o(.ARM.exidx.text.uxTaskPriorityGetFromISR), (8 bytes).
    Removing tasks.o(.text.vTaskPrioritySet), (246 bytes).
    Removing tasks.o(.ARM.exidx.text.vTaskPrioritySet), (8 bytes).
    Removing tasks.o(.ARM.exidx.text.vTaskStartScheduler), (8 bytes).
    Removing tasks.o(.ARM.exidx.text.prvIdleTask), (8 bytes).
    Removing tasks.o(.text.vTaskEndScheduler), (32 bytes).
    Removing tasks.o(.ARM.exidx.text.vTaskEndScheduler), (8 bytes).
    Removing tasks.o(.ARM.exidx.text.xTaskIncrementTick), (8 bytes).
    Removing tasks.o(.ARM.exidx.text.xTaskGetTickCount), (8 bytes).
    Removing tasks.o(.text.xTaskGetTickCountFromISR), (18 bytes).
    Removing tasks.o(.ARM.exidx.text.xTaskGetTickCountFromISR), (8 bytes).
    Removing tasks.o(.ARM.exidx.text.uxTaskGetNumberOfTasks), (8 bytes).
    Removing tasks.o(.text.pcTaskGetName), (38 bytes).
    Removing tasks.o(.ARM.exidx.text.pcTaskGetName), (8 bytes).
    Removing tasks.o(.text.xTaskCatchUpTicks), (70 bytes).
    Removing tasks.o(.ARM.exidx.text.xTaskCatchUpTicks), (8 bytes).
    Removing tasks.o(.ARM.exidx.text.vTaskSwitchContext), (8 bytes).
    Removing tasks.o(.ARM.exidx.text.vTaskPlaceOnEventList), (8 bytes).
    Removing tasks.o(.text.vTaskPlaceOnUnorderedEventList), (226 bytes).
    Removing tasks.o(.ARM.exidx.text.vTaskPlaceOnUnorderedEventList), (8 bytes).
    Removing tasks.o(.ARM.exidx.text.vTaskPlaceOnEventListRestricted), (8 bytes).
    Removing tasks.o(.ARM.exidx.text.xTaskRemoveFromEventList), (8 bytes).
    Removing tasks.o(.text.vTaskRemoveFromUnorderedEventList), (238 bytes).
    Removing tasks.o(.ARM.exidx.text.vTaskRemoveFromUnorderedEventList), (8 bytes).
    Removing tasks.o(.text.vTaskSetTimeOutState), (62 bytes).
    Removing tasks.o(.ARM.exidx.text.vTaskSetTimeOutState), (8 bytes).
    Removing tasks.o(.ARM.exidx.text.vTaskInternalSetTimeOutState), (8 bytes).
    Removing tasks.o(.ARM.exidx.text.xTaskCheckForTimeOut), (8 bytes).
    Removing tasks.o(.ARM.exidx.text.vTaskMissedYield), (8 bytes).
    Removing tasks.o(.text.xTaskGetCurrentTaskHandle), (12 bytes).
    Removing tasks.o(.ARM.exidx.text.xTaskGetCurrentTaskHandle), (8 bytes).
    Removing tasks.o(.ARM.exidx.text.xTaskGetSchedulerState), (8 bytes).
    Removing tasks.o(.ARM.exidx.text.xTaskPriorityInherit), (8 bytes).
    Removing tasks.o(.ARM.exidx.text.xTaskPriorityDisinherit), (8 bytes).
    Removing tasks.o(.ARM.exidx.text.vTaskPriorityDisinheritAfterTimeout), (8 bytes).
    Removing tasks.o(.text.uxTaskResetEventItemValue), (26 bytes).
    Removing tasks.o(.ARM.exidx.text.uxTaskResetEventItemValue), (8 bytes).
    Removing tasks.o(.ARM.exidx.text.pvTaskIncrementMutexHeldCount), (8 bytes).
    Removing tasks.o(.text.ulTaskGenericNotifyTake), (258 bytes).
    Removing tasks.o(.ARM.exidx.text.ulTaskGenericNotifyTake), (8 bytes).
    Removing tasks.o(.text.xTaskGenericNotifyWait), (300 bytes).
    Removing tasks.o(.ARM.exidx.text.xTaskGenericNotifyWait), (8 bytes).
    Removing tasks.o(.text.xTaskGenericNotify), (368 bytes).
    Removing tasks.o(.ARM.exidx.text.xTaskGenericNotify), (8 bytes).
    Removing tasks.o(.text.xTaskGenericNotifyFromISR), (402 bytes).
    Removing tasks.o(.ARM.exidx.text.xTaskGenericNotifyFromISR), (8 bytes).
    Removing tasks.o(.text.vTaskGenericNotifyGiveFromISR), (304 bytes).
    Removing tasks.o(.ARM.exidx.text.vTaskGenericNotifyGiveFromISR), (8 bytes).
    Removing tasks.o(.text.xTaskGenericNotifyStateClear), (68 bytes).
    Removing tasks.o(.ARM.exidx.text.xTaskGenericNotifyStateClear), (8 bytes).
    Removing tasks.o(.text.ulTaskGenericNotifyValueClear), (44 bytes).
    Removing tasks.o(.ARM.exidx.text.ulTaskGenericNotifyValueClear), (8 bytes).
    Removing timers.o(.text), (0 bytes).
    Removing timers.o(.ARM.exidx.text.xTimerCreateTimerTask), (8 bytes).
    Removing timers.o(.ARM.exidx.text.prvTimerTask), (8 bytes).
    Removing timers.o(.text.xTimerCreate), (186 bytes).
    Removing timers.o(.ARM.exidx.text.xTimerCreate), (8 bytes).
    Removing timers.o(.text.xTimerGenericCommand), (104 bytes).
    Removing timers.o(.ARM.exidx.text.xTimerGenericCommand), (8 bytes).
    Removing timers.o(.text.xTimerGetTimerDaemonTaskHandle), (34 bytes).
    Removing timers.o(.ARM.exidx.text.xTimerGetTimerDaemonTaskHandle), (8 bytes).
    Removing timers.o(.text.xTimerGetPeriod), (26 bytes).
    Removing timers.o(.ARM.exidx.text.xTimerGetPeriod), (8 bytes).
    Removing timers.o(.text.vTimerSetReloadMode), (62 bytes).
    Removing timers.o(.ARM.exidx.text.vTimerSetReloadMode), (8 bytes).
    Removing timers.o(.text.xTimerGetReloadMode), (46 bytes).
    Removing timers.o(.ARM.exidx.text.xTimerGetReloadMode), (8 bytes).
    Removing timers.o(.text.uxTimerGetReloadMode), (46 bytes).
    Removing timers.o(.ARM.exidx.text.uxTimerGetReloadMode), (8 bytes).
    Removing timers.o(.text.xTimerGetExpiryTime), (26 bytes).
    Removing timers.o(.ARM.exidx.text.xTimerGetExpiryTime), (8 bytes).
    Removing timers.o(.text.pcTimerGetName), (26 bytes).
    Removing timers.o(.ARM.exidx.text.pcTimerGetName), (8 bytes).
    Removing timers.o(.text.xTimerIsTimerActive), (46 bytes).
    Removing timers.o(.ARM.exidx.text.xTimerIsTimerActive), (8 bytes).
    Removing timers.o(.text.pvTimerGetTimerID), (38 bytes).
    Removing timers.o(.ARM.exidx.text.pvTimerGetTimerID), (8 bytes).
    Removing timers.o(.text.vTimerSetTimerID), (42 bytes).
    Removing timers.o(.ARM.exidx.text.vTimerSetTimerID), (8 bytes).
    Removing timers.o(.ARM.exidx.text.prvProcessExpiredTimer), (8 bytes).

211 unused section(s) (total 8142 bytes) removed from the image.

==============================================================================

Image Symbol Table

    Local Symbols

    Symbol Name                              Value     Ov Type        Size  Object(Section)

    ../clib/angel/boardlib.s                 0x00000000   Number         0  boardinit1.o ABSOLUTE
    ../clib/angel/boardlib.s                 0x00000000   Number         0  boardinit2.o ABSOLUTE
    ../clib/angel/boardlib.s                 0x00000000   Number         0  boardinit3.o ABSOLUTE
    ../clib/angel/boardlib.s                 0x00000000   Number         0  boardshut.o ABSOLUTE
    ../clib/angel/handlers.s                 0x00000000   Number         0  __scatter_copy.o ABSOLUTE
    ../clib/angel/handlers.s                 0x00000000   Number         0  __scatter_zi.o ABSOLUTE
    ../clib/angel/kernel.s                   0x00000000   Number         0  __rtentry.o ABSOLUTE
    ../clib/angel/kernel.s                   0x00000000   Number         0  __rtentry2.o ABSOLUTE
    ../clib/angel/kernel.s                   0x00000000   Number         0  __rtentry4.o ABSOLUTE
    ../clib/angel/kernel.s                   0x00000000   Number         0  rtexit.o ABSOLUTE
    ../clib/angel/kernel.s                   0x00000000   Number         0  rtexit2.o ABSOLUTE
    ../clib/angel/rt.s                       0x00000000   Number         0  rt_raise.o ABSOLUTE
    ../clib/angel/scatter.s                  0x00000000   Number         0  __scatter.o ABSOLUTE
    ../clib/angel/startup.s                  0x00000000   Number         0  __main.o ABSOLUTE
    ../clib/angel/sys.s                      0x00000000   Number         0  sys_stackheap_outer.o ABSOLUTE
    ../clib/angel/sys.s                      0x00000000   Number         0  libspace.o ABSOLUTE
    ../clib/angel/sys.s                      0x00000000   Number         0  use_no_semi.o ABSOLUTE
    ../clib/angel/sys.s                      0x00000000   Number         0  indicate_semi.o ABSOLUTE
    ../clib/angel/sysapp.c                   0x00000000   Number         0  sys_exit.o ABSOLUTE
    ../clib/angel/sysapp.c                   0x00000000   Number         0  sys_exit_hlt.o ABSOLUTE
    ../clib/angel/sysapp.c                   0x00000000   Number         0  sys_command.o ABSOLUTE
    ../clib/angel/sysapp.c                   0x00000000   Number         0  sys_command_hlt.o ABSOLUTE
    ../clib/angel/sysapp.c                   0x00000000   Number         0  sys_wrch.o ABSOLUTE
    ../clib/angel/sysapp.c                   0x00000000   Number         0  sys_wrch_hlt.o ABSOLUTE
    ../clib/armsys.c                         0x00000000   Number         0  argv_veneer.o ABSOLUTE
    ../clib/armsys.c                         0x00000000   Number         0  argv_veneer.o ABSOLUTE
    ../clib/armsys.c                         0x00000000   Number         0  _get_argv_nomalloc.o ABSOLUTE
    ../clib/armsys.c                         0x00000000   Number         0  no_argv.o ABSOLUTE
    ../clib/heapalloc.c                      0x00000000   Number         0  hrguard.o ABSOLUTE
    ../clib/heapaux.c                        0x00000000   Number         0  heapauxi.o ABSOLUTE
    ../clib/libinit.s                        0x00000000   Number         0  libinit.o ABSOLUTE
    ../clib/libinit.s                        0x00000000   Number         0  libinit2.o ABSOLUTE
    ../clib/libinit.s                        0x00000000   Number         0  libshutdown.o ABSOLUTE
    ../clib/libinit.s                        0x00000000   Number         0  libshutdown2.o ABSOLUTE
    ../clib/memcpset.s                       0x00000000   Number         0  rt_memcpy_v6.o ABSOLUTE
    ../clib/memcpset.s                       0x00000000   Number         0  rt_memclr.o ABSOLUTE
    ../clib/memcpset.s                       0x00000000   Number         0  rt_memcpy_w.o ABSOLUTE
    ../clib/memcpset.s                       0x00000000   Number         0  rt_memclr_w.o ABSOLUTE
    ../clib/signal.c                         0x00000000   Number         0  defsig_rtmem_outer.o ABSOLUTE
    ../clib/signal.c                         0x00000000   Number         0  defsig_rtmem_formal.o ABSOLUTE
    ../clib/signal.c                         0x00000000   Number         0  defsig_exit.o ABSOLUTE
    ../clib/signal.c                         0x00000000   Number         0  defsig_rtmem_inner.o ABSOLUTE
    ../clib/signal.c                         0x00000000   Number         0  __raise.o ABSOLUTE
    ../clib/signal.c                         0x00000000   Number         0  defsig_general.o ABSOLUTE
    ../clib/signal.c                         0x00000000   Number         0  defsig_abrt_inner.o ABSOLUTE
    ../clib/signal.c                         0x00000000   Number         0  defsig_fpe_inner.o ABSOLUTE
    ../clib/signal.c                         0x00000000   Number         0  defsig_rtred_inner.o ABSOLUTE
    ../clib/signal.c                         0x00000000   Number         0  defsig_stak_inner.o ABSOLUTE
    ../clib/signal.c                         0x00000000   Number         0  defsig_pvfn_inner.o ABSOLUTE
    ../clib/signal.c                         0x00000000   Number         0  defsig_cppl_inner.o ABSOLUTE
    ../clib/signal.c                         0x00000000   Number         0  defsig_segv_inner.o ABSOLUTE
    ../clib/signal.c                         0x00000000   Number         0  defsig_other.o ABSOLUTE
    ../clib/signal.s                         0x00000000   Number         0  defsig.o ABSOLUTE
    ../clib/stdlib.c                         0x00000000   Number         0  exit.o ABSOLUTE
    ../fplib/fpinit.s                        0x00000000   Number         0  fpinit.o ABSOLUTE
    DIO.c                                    0x00000000   Number         0  dio.o ABSOLUTE
    RTE/Device/TM4C123GH6PM/startup_TM4C123.s 0x00000000   Number         0  startup_tm4c123.o ABSOLUTE
    dc.s                                     0x00000000   Number         0  dc.o ABSOLUTE
    freertos_evr.c                           0x00000000   Number         0  freertos_evr.o ABSOLUTE
    heap_1.c                                 0x00000000   Number         0  heap_1.o ABSOLUTE
    list.c                                   0x00000000   Number         0  list.o ABSOLUTE
    main.c                                   0x00000000   Number         0  main.o ABSOLUTE
    port.c                                   0x00000000   Number         0  port.o ABSOLUTE
    queue.c                                  0x00000000   Number         0  queue.o ABSOLUTE
    system_TM4C123.c                         0x00000000   Number         0  system_tm4c123.o ABSOLUTE
    tasks.c                                  0x00000000   Number         0  tasks.o ABSOLUTE
    timers.c                                 0x00000000   Number         0  timers.o ABSOLUTE
    RESET                                    0x00000000   Section      620  startup_tm4c123.o(RESET)
    !!!main                                  0x0000026c   Section        8  __main.o(!!!main)
    !!!scatter                               0x00000274   Section       92  __scatter.o(!!!scatter)
    !!handler_copy                           0x000002d0   Section       26  __scatter_copy.o(!!handler_copy)
    !!handler_null                           0x000002ec   Section        2  __scatter.o(!!handler_null)
    !!handler_zi                             0x000002f0   Section       28  __scatter_zi.o(!!handler_zi)
    .ARM.Collect$$libinit$$00000000          0x0000030c   Section        2  libinit.o(.ARM.Collect$$libinit$$00000000)
    .ARM.Collect$$libinit$$00000001          0x0000030e   Section        4  libinit2.o(.ARM.Collect$$libinit$$00000001)
    .ARM.Collect$$libinit$$00000004          0x00000312   Section        0  libinit2.o(.ARM.Collect$$libinit$$00000004)
    .ARM.Collect$$libinit$$00000006          0x00000312   Section        0  libinit2.o(.ARM.Collect$$libinit$$00000006)
    .ARM.Collect$$libinit$$0000000C          0x00000312   Section        0  libinit2.o(.ARM.Collect$$libinit$$0000000C)
    .ARM.Collect$$libinit$$0000000E          0x00000312   Section        0  libinit2.o(.ARM.Collect$$libinit$$0000000E)
    .ARM.Collect$$libinit$$00000010          0x00000312   Section        0  libinit2.o(.ARM.Collect$$libinit$$00000010)
    .ARM.Collect$$libinit$$00000013          0x00000312   Section        0  libinit2.o(.ARM.Collect$$libinit$$00000013)
    .ARM.Collect$$libinit$$00000015          0x00000312   Section        0  libinit2.o(.ARM.Collect$$libinit$$00000015)
    .ARM.Collect$$libinit$$00000017          0x00000312   Section        0  libinit2.o(.ARM.Collect$$libinit$$00000017)
    .ARM.Collect$$libinit$$00000019          0x00000312   Section        0  libinit2.o(.ARM.Collect$$libinit$$00000019)
    .ARM.Collect$$libinit$$0000001B          0x00000312   Section        0  libinit2.o(.ARM.Collect$$libinit$$0000001B)
    .ARM.Collect$$libinit$$0000001D          0x00000312   Section        0  libinit2.o(.ARM.Collect$$libinit$$0000001D)
    .ARM.Collect$$libinit$$0000001F          0x00000312   Section        0  libinit2.o(.ARM.Collect$$libinit$$0000001F)
    .ARM.Collect$$libinit$$00000021          0x00000312   Section        0  libinit2.o(.ARM.Collect$$libinit$$00000021)
    .ARM.Collect$$libinit$$00000023          0x00000312   Section        0  libinit2.o(.ARM.Collect$$libinit$$00000023)
    .ARM.Collect$$libinit$$00000025          0x00000312   Section        0  libinit2.o(.ARM.Collect$$libinit$$00000025)
    .ARM.Collect$$libinit$$00000027          0x00000312   Section        0  libinit2.o(.ARM.Collect$$libinit$$00000027)
    .ARM.Collect$$libinit$$0000002E          0x00000312   Section        0  libinit2.o(.ARM.Collect$$libinit$$0000002E)
    .ARM.Collect$$libinit$$00000030          0x00000312   Section        0  libinit2.o(.ARM.Collect$$libinit$$00000030)
    .ARM.Collect$$libinit$$00000032          0x00000312   Section        0  libinit2.o(.ARM.Collect$$libinit$$00000032)
    .ARM.Collect$$libinit$$00000034          0x00000312   Section        0  libinit2.o(.ARM.Collect$$libinit$$00000034)
    .ARM.Collect$$libinit$$00000035          0x00000312   Section        2  libinit2.o(.ARM.Collect$$libinit$$00000035)
    .ARM.Collect$$libshutdown$$00000000      0x00000314   Section        2  libshutdown.o(.ARM.Collect$$libshutdown$$00000000)
    .ARM.Collect$$libshutdown$$00000002      0x00000316   Section        0  libshutdown2.o(.ARM.Collect$$libshutdown$$00000002)
    .ARM.Collect$$libshutdown$$00000004      0x00000316   Section        0  libshutdown2.o(.ARM.Collect$$libshutdown$$00000004)
    .ARM.Collect$$libshutdown$$00000007      0x00000316   Section        0  libshutdown2.o(.ARM.Collect$$libshutdown$$00000007)
    .ARM.Collect$$libshutdown$$0000000A      0x00000316   Section        0  libshutdown2.o(.ARM.Collect$$libshutdown$$0000000A)
    .ARM.Collect$$libshutdown$$0000000C      0x00000316   Section        0  libshutdown2.o(.ARM.Collect$$libshutdown$$0000000C)
    .ARM.Collect$$libshutdown$$0000000F      0x00000316   Section        0  libshutdown2.o(.ARM.Collect$$libshutdown$$0000000F)
    .ARM.Collect$$libshutdown$$00000010      0x00000316   Section        2  libshutdown2.o(.ARM.Collect$$libshutdown$$00000010)
    .ARM.Collect$$rtentry$$00000000          0x00000318   Section        0  __rtentry.o(.ARM.Collect$$rtentry$$00000000)
    .ARM.Collect$$rtentry$$00000002          0x00000318   Section        0  __rtentry2.o(.ARM.Collect$$rtentry$$00000002)
    .ARM.Collect$$rtentry$$00000004          0x00000318   Section        6  __rtentry4.o(.ARM.Collect$$rtentry$$00000004)
    .ARM.Collect$$rtentry$$00000009          0x0000031e   Section        0  __rtentry2.o(.ARM.Collect$$rtentry$$00000009)
    .ARM.Collect$$rtentry$$0000000A          0x0000031e   Section        4  __rtentry2.o(.ARM.Collect$$rtentry$$0000000A)
    .ARM.Collect$$rtentry$$0000000C          0x00000322   Section        0  __rtentry2.o(.ARM.Collect$$rtentry$$0000000C)
    .ARM.Collect$$rtentry$$0000000D          0x00000322   Section        8  __rtentry2.o(.ARM.Collect$$rtentry$$0000000D)
    .ARM.Collect$$rtexit$$00000000           0x0000032a   Section        2  rtexit.o(.ARM.Collect$$rtexit$$00000000)
    .ARM.Collect$$rtexit$$00000002           0x0000032c   Section        0  rtexit2.o(.ARM.Collect$$rtexit$$00000002)
    .ARM.Collect$$rtexit$$00000003           0x0000032c   Section        4  rtexit2.o(.ARM.Collect$$rtexit$$00000003)
    .ARM.Collect$$rtexit$$00000004           0x00000330   Section        6  rtexit2.o(.ARM.Collect$$rtexit$$00000004)
    $v0                                      0x00000338   Number         0  startup_tm4c123.o(.text)
    .text                                    0x00000338   Section      276  startup_tm4c123.o(.text)
    .text                                    0x0000044c   Section      138  rt_memcpy_v6.o(.text)
    .text                                    0x000004d6   Section       68  rt_memclr.o(.text)
    .text                                    0x0000051a   Section        0  heapauxi.o(.text)
    .text                                    0x00000520   Section      100  rt_memcpy_w.o(.text)
    .text                                    0x00000584   Section       78  rt_memclr_w.o(.text)
    .text                                    0x000005d2   Section       74  sys_stackheap_outer.o(.text)
    .text                                    0x0000061c   Section        0  exit.o(.text)
    .text                                    0x00000630   Section        8  libspace.o(.text)
    .text                                    0x00000638   Section        0  sys_exit.o(.text)
    .text                                    0x00000644   Section        2  use_no_semi.o(.text)
    .text                                    0x00000646   Section        0  indicate_semi.o(.text)
    [Anonymous Symbol]                       0x00000648   Section        0  main.o(.text.GPIOF_Handler)
    [Anonymous Symbol]                       0x00000690   Section        0  port.o(.text.PendSV_Handler)
    pxCurrentTCBConst                        0x000006f0   Number         0  port.o(.text.PendSV_Handler)
    [Anonymous Symbol]                       0x00000700   Section        0  port.o(.text.SVC_Handler)
    pxCurrentTCBConst2                       0x00000720   Number         0  port.o(.text.SVC_Handler)
    [Anonymous Symbol]                       0x00000724   Section        0  port.o(.text.SysTick_Handler)
    [Anonymous Symbol]                       0x00000754   Section        0  system_tm4c123.o(.text.SystemInit)
    [Anonymous Symbol]                       0x000007c4   Section        0  main.o(.text.Task_Driver)
    [Anonymous Symbol]                       0x000008e0   Section        0  main.o(.text.Task_Passenger)
    Task_Rec                                 0x000009f5   Thumb Code    76  main.o(.text.Task_Rec)
    [Anonymous Symbol]                       0x000009f4   Section        0  main.o(.text.Task_Rec)
    [Anonymous Symbol]                       0x00000a40   Section        0  main.o(.text.Task_Safety)
    [Anonymous Symbol]                       0x00000a78   Section        0  main.o(.text.main)
    prvIdleTask                              0x00000bdd   Thumb Code   122  tasks.o(.text.prvIdleTask)
    [Anonymous Symbol]                       0x00000bdc   Section        0  tasks.o(.text.prvIdleTask)
    prvNotifyQueueSetContainer               0x00000c59   Thumb Code   204  queue.o(.text.prvNotifyQueueSetContainer)
    [Anonymous Symbol]                       0x00000c58   Section        0  queue.o(.text.prvNotifyQueueSetContainer)
    prvPortStartFirstTask                    0x00000d25   Thumb Code    40  port.o(.text.prvPortStartFirstTask)
    [Anonymous Symbol]                       0x00000d24   Section        0  port.o(.text.prvPortStartFirstTask)
    prvProcessExpiredTimer                   0x00000d4d   Thumb Code   124  timers.o(.text.prvProcessExpiredTimer)
    [Anonymous Symbol]                       0x00000d4c   Section        0  timers.o(.text.prvProcessExpiredTimer)
    prvTaskExitError                         0x00000dc9   Thumb Code    50  port.o(.text.prvTaskExitError)
    [Anonymous Symbol]                       0x00000dc8   Section        0  port.o(.text.prvTaskExitError)
    prvTimerTask                             0x00000dfd   Thumb Code   570  timers.o(.text.prvTimerTask)
    [Anonymous Symbol]                       0x00000dfc   Section        0  timers.o(.text.prvTimerTask)
    prvUnlockQueue                           0x00001039   Thumb Code   136  queue.o(.text.prvUnlockQueue)
    [Anonymous Symbol]                       0x00001038   Section        0  queue.o(.text.prvUnlockQueue)
    [Anonymous Symbol]                       0x000010c0   Section        0  heap_1.o(.text.pvPortMalloc)
    [Anonymous Symbol]                       0x0000112c   Section        0  tasks.o(.text.pvTaskIncrementMutexHeldCount)
    [Anonymous Symbol]                       0x00001144   Section        0  port.o(.text.pxPortInitialiseStack)
    [Anonymous Symbol]                       0x00001168   Section        0  list.o(.text.uxListRemove)
    [Anonymous Symbol]                       0x0000118c   Section        0  queue.o(.text.uxQueueMessagesWaiting)
    [Anonymous Symbol]                       0x000011b4   Section        0  tasks.o(.text.uxTaskGetNumberOfTasks)
    [Anonymous Symbol]                       0x000011c0   Section        0  main.o(.text.vApplicationIdleHook)
    [Anonymous Symbol]                       0x000011c4   Section        0  list.o(.text.vListInitialise)
    [Anonymous Symbol]                       0x000011dc   Section        0  list.o(.text.vListInitialiseItem)
    [Anonymous Symbol]                       0x000011e4   Section        0  list.o(.text.vListInsert)
    vPortEnableVFP                           0x00001221   Thumb Code    20  port.o(.text.vPortEnableVFP)
    [Anonymous Symbol]                       0x00001220   Section        0  port.o(.text.vPortEnableVFP)
    [Anonymous Symbol]                       0x00001234   Section        0  port.o(.text.vPortEnterCritical)
    [Anonymous Symbol]                       0x0000127c   Section        0  port.o(.text.vPortExitCritical)
    [Anonymous Symbol]                       0x000012ac   Section        0  heap_1.o(.text.vPortFree)
    [Anonymous Symbol]                       0x000012c8   Section        0  port.o(.text.vPortSetupTimerInterrupt)
    [Anonymous Symbol]                       0x000012ec   Section        0  port.o(.text.vPortValidateInterruptPriority)
    [Anonymous Symbol]                       0x00001350   Section        0  queue.o(.text.vQueueWaitForMessageRestricted)
    [Anonymous Symbol]                       0x00001398   Section        0  tasks.o(.text.vTaskInternalSetTimeOutState)
    [Anonymous Symbol]                       0x000013b4   Section        0  tasks.o(.text.vTaskMissedYield)
    [Anonymous Symbol]                       0x000013c4   Section        0  tasks.o(.text.vTaskPlaceOnEventList)
    [Anonymous Symbol]                       0x00001460   Section        0  tasks.o(.text.vTaskPlaceOnEventListRestricted)
    [Anonymous Symbol]                       0x00001528   Section        0  tasks.o(.text.vTaskPriorityDisinheritAfterTimeout)
    [Anonymous Symbol]                       0x000015f8   Section        0  tasks.o(.text.vTaskStartScheduler)
    [Anonymous Symbol]                       0x00001694   Section        0  tasks.o(.text.vTaskSuspendAll)
    __tagsym$$used.0                         0x000016a4   Number         0  tasks.o(.text.vTaskSwitchContext)
    [Anonymous Symbol]                       0x000016a4   Section        0  tasks.o(.text.vTaskSwitchContext)
    [Anonymous Symbol]                       0x0000172c   Section        0  port.o(.text.xPortStartScheduler)
    [Anonymous Symbol]                       0x00001860   Section        0  queue.o(.text.xQueueCreateMutex)
    [Anonymous Symbol]                       0x000018d0   Section        0  queue.o(.text.xQueueGenericCreate)
    [Anonymous Symbol]                       0x0000195c   Section        0  queue.o(.text.xQueueGenericSend)
    [Anonymous Symbol]                       0x00001ba0   Section        0  queue.o(.text.xQueueGiveFromISR)
    [Anonymous Symbol]                       0x00001ca4   Section        0  queue.o(.text.xQueueReceive)
    [Anonymous Symbol]                       0x00001e4c   Section        0  queue.o(.text.xQueueSemaphoreTake)
    [Anonymous Symbol]                       0x00002008   Section        0  tasks.o(.text.xTaskCheckForTimeOut)
    [Anonymous Symbol]                       0x0000208c   Section        0  tasks.o(.text.xTaskCreate)
    [Anonymous Symbol]                       0x00002270   Section        0  tasks.o(.text.xTaskGetSchedulerState)
    [Anonymous Symbol]                       0x00002298   Section        0  tasks.o(.text.xTaskGetTickCount)
    [Anonymous Symbol]                       0x000022a4   Section        0  tasks.o(.text.xTaskIncrementTick)
    [Anonymous Symbol]                       0x00002460   Section        0  tasks.o(.text.xTaskPriorityDisinherit)
    [Anonymous Symbol]                       0x00002524   Section        0  tasks.o(.text.xTaskPriorityInherit)
    [Anonymous Symbol]                       0x000025e4   Section        0  tasks.o(.text.xTaskRemoveFromEventList)
    [Anonymous Symbol]                       0x000026cc   Section        0  tasks.o(.text.xTaskResumeAll)
    [Anonymous Symbol]                       0x0000284c   Section        0  timers.o(.text.xTimerCreateTimerTask)
    $v0                                      0x000028f0   Number         0  fpinit.o(x$fpl$fpinit)
    x$fpl$fpinit                             0x000028f0   Section       26  fpinit.o(x$fpl$fpinit)
    uxCriticalNesting                        0x20000004   Data           4  port.o(.data.uxCriticalNesting)
    [Anonymous Symbol]                       0x20000004   Section        0  port.o(.data.uxCriticalNesting)
    .bss                                     0x20000008   Section       96  libspace.o(.bss)
    prvSampleTimeNow.xLastTime               0x2000006c   Data           4  timers.o(.bss.prvSampleTimeNow.xLastTime)
    [Anonymous Symbol]                       0x2000006c   Section        0  timers.o(.bss.prvSampleTimeNow.xLastTime)
    pvPortMalloc.pucAlignedHeap              0x20000070   Data           4  heap_1.o(.bss.pvPortMalloc.pucAlignedHeap)
    [Anonymous Symbol]                       0x20000070   Section        0  heap_1.o(.bss.pvPortMalloc.pucAlignedHeap)
    __tagsym$$used.1                         0x20000074   Number         0  tasks.o(.bss.pxCurrentTCB)
    pxCurrentTimerList                       0x20000078   Data           4  timers.o(.bss.pxCurrentTimerList)
    [Anonymous Symbol]                       0x20000078   Section        0  timers.o(.bss.pxCurrentTimerList)
    pxDelayedTaskList                        0x2000007c   Data           4  tasks.o(.bss.pxDelayedTaskList)
    [Anonymous Symbol]                       0x2000007c   Section        0  tasks.o(.bss.pxDelayedTaskList)
    pxOverflowDelayedTaskList                0x20000080   Data           4  tasks.o(.bss.pxOverflowDelayedTaskList)
    [Anonymous Symbol]                       0x20000080   Section        0  tasks.o(.bss.pxOverflowDelayedTaskList)
    pxOverflowTimerList                      0x20000084   Data           4  timers.o(.bss.pxOverflowTimerList)
    [Anonymous Symbol]                       0x20000084   Section        0  timers.o(.bss.pxOverflowTimerList)
    pxReadyTasksLists                        0x20000088   Data         300  tasks.o(.bss.pxReadyTasksLists)
    [Anonymous Symbol]                       0x20000088   Section        0  tasks.o(.bss.pxReadyTasksLists)
    ucHeap                                   0x200001b4   Data        4096  heap_1.o(.bss.ucHeap)
    [Anonymous Symbol]                       0x200001b4   Section        0  heap_1.o(.bss.ucHeap)
    ucMaxSysCallPriority                     0x200011b4   Data           1  port.o(.bss.ucMaxSysCallPriority)
    [Anonymous Symbol]                       0x200011b4   Section        0  port.o(.bss.ucMaxSysCallPriority)
    ulMaxPRIGROUPValue                       0x200011b8   Data           4  port.o(.bss.ulMaxPRIGROUPValue)
    [Anonymous Symbol]                       0x200011b8   Section        0  port.o(.bss.ulMaxPRIGROUPValue)
    uxCurrentNumberOfTasks                   0x200011bc   Data           4  tasks.o(.bss.uxCurrentNumberOfTasks)
    [Anonymous Symbol]                       0x200011bc   Section        0  tasks.o(.bss.uxCurrentNumberOfTasks)
    uxDeletedTasksWaitingCleanUp             0x200011c0   Data           4  tasks.o(.bss.uxDeletedTasksWaitingCleanUp)
    [Anonymous Symbol]                       0x200011c0   Section        0  tasks.o(.bss.uxDeletedTasksWaitingCleanUp)
    uxSchedulerSuspended                     0x200011c4   Data           4  tasks.o(.bss.uxSchedulerSuspended)
    [Anonymous Symbol]                       0x200011c4   Section        0  tasks.o(.bss.uxSchedulerSuspended)
    uxTaskNumber                             0x200011c8   Data           4  tasks.o(.bss.uxTaskNumber)
    [Anonymous Symbol]                       0x200011c8   Section        0  tasks.o(.bss.uxTaskNumber)
    uxTopReadyPriority                       0x200011cc   Data           4  tasks.o(.bss.uxTopReadyPriority)
    [Anonymous Symbol]                       0x200011cc   Section        0  tasks.o(.bss.uxTopReadyPriority)
    xActiveTimerList1                        0x200011d0   Data          20  timers.o(.bss.xActiveTimerList1)
    [Anonymous Symbol]                       0x200011d0   Section        0  timers.o(.bss.xActiveTimerList1)
    xActiveTimerList2                        0x200011e4   Data          20  timers.o(.bss.xActiveTimerList2)
    [Anonymous Symbol]                       0x200011e4   Section        0  timers.o(.bss.xActiveTimerList2)
    xDelayedTaskList1                        0x200011fc   Data          20  tasks.o(.bss.xDelayedTaskList1)
    [Anonymous Symbol]                       0x200011fc   Section        0  tasks.o(.bss.xDelayedTaskList1)
    xDelayedTaskList2                        0x20001210   Data          20  tasks.o(.bss.xDelayedTaskList2)
    [Anonymous Symbol]                       0x20001210   Section        0  tasks.o(.bss.xDelayedTaskList2)
    xIdleTaskHandle                          0x20001224   Data           4  tasks.o(.bss.xIdleTaskHandle)
    [Anonymous Symbol]                       0x20001224   Section        0  tasks.o(.bss.xIdleTaskHandle)
    xNextFreeByte                            0x2000122c   Data           4  heap_1.o(.bss.xNextFreeByte)
    [Anonymous Symbol]                       0x2000122c   Section        0  heap_1.o(.bss.xNextFreeByte)
    xNextTaskUnblockTime                     0x20001230   Data           4  tasks.o(.bss.xNextTaskUnblockTime)
    [Anonymous Symbol]                       0x20001230   Section        0  tasks.o(.bss.xNextTaskUnblockTime)
    xNumOfOverflows                          0x20001234   Data           4  tasks.o(.bss.xNumOfOverflows)
    [Anonymous Symbol]                       0x20001234   Section        0  tasks.o(.bss.xNumOfOverflows)
    xPendedTicks                             0x20001238   Data           4  tasks.o(.bss.xPendedTicks)
    [Anonymous Symbol]                       0x20001238   Section        0  tasks.o(.bss.xPendedTicks)
    xPendingReadyList                        0x2000123c   Data          20  tasks.o(.bss.xPendingReadyList)
    [Anonymous Symbol]                       0x2000123c   Section        0  tasks.o(.bss.xPendingReadyList)
    xSchedulerRunning                        0x20001254   Data           4  tasks.o(.bss.xSchedulerRunning)
    [Anonymous Symbol]                       0x20001254   Section        0  tasks.o(.bss.xSchedulerRunning)
    xTasksWaitingTermination                 0x20001258   Data          20  tasks.o(.bss.xTasksWaitingTermination)
    [Anonymous Symbol]                       0x20001258   Section        0  tasks.o(.bss.xTasksWaitingTermination)
    xTickCount                               0x2000126c   Data           4  tasks.o(.bss.xTickCount)
    [Anonymous Symbol]                       0x2000126c   Section        0  tasks.o(.bss.xTickCount)
    xTimerQueue                              0x20001270   Data           4  timers.o(.bss.xTimerQueue)
    [Anonymous Symbol]                       0x20001270   Section        0  timers.o(.bss.xTimerQueue)
    xTimerTaskHandle                         0x20001274   Data           4  timers.o(.bss.xTimerTaskHandle)
    [Anonymous Symbol]                       0x20001274   Section        0  timers.o(.bss.xTimerTaskHandle)
    xYieldPending                            0x20001278   Data           4  tasks.o(.bss.xYieldPending)
    [Anonymous Symbol]                       0x20001278   Section        0  tasks.o(.bss.xYieldPending)
    Heap_Mem                                 0x20001280   Data           0  startup_tm4c123.o(HEAP)
    Stack_Mem                                0x20001280   Data         512  startup_tm4c123.o(STACK)
    HEAP                                     0x20001280   Section        0  startup_tm4c123.o(HEAP)
    STACK                                    0x20001280   Section      512  startup_tm4c123.o(STACK)
    __initial_sp                             0x20001480   Data           0  startup_tm4c123.o(STACK)

    Global Symbols

    Symbol Name                              Value     Ov Type        Size  Object(Section)

    BuildAttributes$$THM_ISAv4$E$P$D$K$B$S$7EM$VFPi3$EXTD16$VFPS$VFMA$PE$A:L22UL41UL21$X:L11$S22US41US21$IEEE1$IW$~IW$USESV6$~STKCKD$USESV7$~SHL$OTIME$ROPI$EBA8$UX$STANDARDLIB$REQ8$PRES8$EABIv2 0x00000000   Number         0  anon$$obj.o ABSOLUTE
    __Vectors                                0x00000000   Data           4  startup_tm4c123.o(RESET)
    __ARM_exceptions_init                     - Undefined Weak Reference
    __alloca_initialize                       - Undefined Weak Reference
    __arm_preinit_                            - Undefined Weak Reference
    __arm_relocate_pie_                       - Undefined Weak Reference
    __cpp_initialize__aeabi_                  - Undefined Weak Reference
    __cxa_finalize                            - Undefined Weak Reference
    __rt_locale                               - Undefined Weak Reference
    __sigvec_lookup                           - Undefined Weak Reference
    _atexit_init                              - Undefined Weak Reference
    _call_atexit_fns                          - Undefined Weak Reference
    _clock_init                               - Undefined Weak Reference
    _fp_trap_init                             - Undefined Weak Reference
    _fp_trap_shutdown                         - Undefined Weak Reference
    _get_lc_collate                           - Undefined Weak Reference
    _get_lc_ctype                             - Undefined Weak Reference
    _get_lc_monetary                          - Undefined Weak Reference
    _get_lc_numeric                           - Undefined Weak Reference
    _get_lc_time                              - Undefined Weak Reference
    _getenv_init                              - Undefined Weak Reference
    _handle_redirection                       - Undefined Weak Reference
    _init_alloc                               - Undefined Weak Reference
    _init_user_alloc                          - Undefined Weak Reference
    _initio                                   - Undefined Weak Reference
    _rand_init                                - Undefined Weak Reference
    _signal_finish                            - Undefined Weak Reference
    _signal_init                              - Undefined Weak Reference
    _terminate_alloc                          - Undefined Weak Reference
    _terminate_user_alloc                     - Undefined Weak Reference
    _terminateio                              - Undefined Weak Reference
    __Vectors_End                            0x0000026c   Data           0  startup_tm4c123.o(RESET)
    __Vectors_Size                           0x0000026c   Number         0  startup_tm4c123.o ABSOLUTE
    __main                                   0x0000026d   Thumb Code     8  __main.o(!!!main)
    __scatterload                            0x00000275   Thumb Code     0  __scatter.o(!!!scatter)
    __scatterload_rt2                        0x00000275   Thumb Code    84  __scatter.o(!!!scatter)
    __scatterload_rt2_thumb_only             0x00000275   Thumb Code     0  __scatter.o(!!!scatter)
    __scatterload_loop                       0x0000027f   Thumb Code     0  __scatter.o(!!!scatter)
    __scatterload_copy                       0x000002d1   Thumb Code    26  __scatter_copy.o(!!handler_copy)
    __scatterload_null                       0x000002ed   Thumb Code     2  __scatter.o(!!handler_null)
    __scatterload_zeroinit                   0x000002f1   Thumb Code    28  __scatter_zi.o(!!handler_zi)
    __rt_lib_init                            0x0000030d   Thumb Code     0  libinit.o(.ARM.Collect$$libinit$$00000000)
    __rt_lib_init_fp_1                       0x0000030f   Thumb Code     0  libinit2.o(.ARM.Collect$$libinit$$00000001)
    __rt_lib_init_alloca_1                   0x00000313   Thumb Code     0  libinit2.o(.ARM.Collect$$libinit$$00000030)
    __rt_lib_init_argv_1                     0x00000313   Thumb Code     0  libinit2.o(.ARM.Collect$$libinit$$0000002E)
    __rt_lib_init_atexit_1                   0x00000313   Thumb Code     0  libinit2.o(.ARM.Collect$$libinit$$0000001D)
    __rt_lib_init_clock_1                    0x00000313   Thumb Code     0  libinit2.o(.ARM.Collect$$libinit$$00000023)
    __rt_lib_init_cpp_1                      0x00000313   Thumb Code     0  libinit2.o(.ARM.Collect$$libinit$$00000034)
    __rt_lib_init_exceptions_1               0x00000313   Thumb Code     0  libinit2.o(.ARM.Collect$$libinit$$00000032)
    __rt_lib_init_fp_trap_1                  0x00000313   Thumb Code     0  libinit2.o(.ARM.Collect$$libinit$$00000021)
    __rt_lib_init_getenv_1                   0x00000313   Thumb Code     0  libinit2.o(.ARM.Collect$$libinit$$00000025)
    __rt_lib_init_heap_1                     0x00000313   Thumb Code     0  libinit2.o(.ARM.Collect$$libinit$$0000000C)
    __rt_lib_init_lc_collate_1               0x00000313   Thumb Code     0  libinit2.o(.ARM.Collect$$libinit$$00000013)
    __rt_lib_init_lc_ctype_1                 0x00000313   Thumb Code     0  libinit2.o(.ARM.Collect$$libinit$$00000015)
    __rt_lib_init_lc_monetary_1              0x00000313   Thumb Code     0  libinit2.o(.ARM.Collect$$libinit$$00000017)
    __rt_lib_init_lc_numeric_1               0x00000313   Thumb Code     0  libinit2.o(.ARM.Collect$$libinit$$00000019)
    __rt_lib_init_lc_time_1                  0x00000313   Thumb Code     0  libinit2.o(.ARM.Collect$$libinit$$0000001B)
    __rt_lib_init_preinit_1                  0x00000313   Thumb Code     0  libinit2.o(.ARM.Collect$$libinit$$00000006)
    __rt_lib_init_rand_1                     0x00000313   Thumb Code     0  libinit2.o(.ARM.Collect$$libinit$$00000010)
    __rt_lib_init_relocate_pie_1             0x00000313   Thumb Code     0  libinit2.o(.ARM.Collect$$libinit$$00000004)
    __rt_lib_init_return                     0x00000313   Thumb Code     0  libinit2.o(.ARM.Collect$$libinit$$00000035)
    __rt_lib_init_signal_1                   0x00000313   Thumb Code     0  libinit2.o(.ARM.Collect$$libinit$$0000001F)
    __rt_lib_init_stdio_1                    0x00000313   Thumb Code     0  libinit2.o(.ARM.Collect$$libinit$$00000027)
    __rt_lib_init_user_alloc_1               0x00000313   Thumb Code     0  libinit2.o(.ARM.Collect$$libinit$$0000000E)
    __rt_lib_shutdown                        0x00000315   Thumb Code     0  libshutdown.o(.ARM.Collect$$libshutdown$$00000000)
    __rt_lib_shutdown_cpp_1                  0x00000317   Thumb Code     0  libshutdown2.o(.ARM.Collect$$libshutdown$$00000002)
    __rt_lib_shutdown_fp_trap_1              0x00000317   Thumb Code     0  libshutdown2.o(.ARM.Collect$$libshutdown$$00000007)
    __rt_lib_shutdown_heap_1                 0x00000317   Thumb Code     0  libshutdown2.o(.ARM.Collect$$libshutdown$$0000000F)
    __rt_lib_shutdown_return                 0x00000317   Thumb Code     0  libshutdown2.o(.ARM.Collect$$libshutdown$$00000010)
    __rt_lib_shutdown_signal_1               0x00000317   Thumb Code     0  libshutdown2.o(.ARM.Collect$$libshutdown$$0000000A)
    __rt_lib_shutdown_stdio_1                0x00000317   Thumb Code     0  libshutdown2.o(.ARM.Collect$$libshutdown$$00000004)
    __rt_lib_shutdown_user_alloc_1           0x00000317   Thumb Code     0  libshutdown2.o(.ARM.Collect$$libshutdown$$0000000C)
    __rt_entry                               0x00000319   Thumb Code     0  __rtentry.o(.ARM.Collect$$rtentry$$00000000)
    __rt_entry_presh_1                       0x00000319   Thumb Code     0  __rtentry2.o(.ARM.Collect$$rtentry$$00000002)
    __rt_entry_sh                            0x00000319   Thumb Code     0  __rtentry4.o(.ARM.Collect$$rtentry$$00000004)
    __rt_entry_li                            0x0000031f   Thumb Code     0  __rtentry2.o(.ARM.Collect$$rtentry$$0000000A)
    __rt_entry_postsh_1                      0x0000031f   Thumb Code     0  __rtentry2.o(.ARM.Collect$$rtentry$$00000009)
    __rt_entry_main                          0x00000323   Thumb Code     0  __rtentry2.o(.ARM.Collect$$rtentry$$0000000D)
    __rt_entry_postli_1                      0x00000323   Thumb Code     0  __rtentry2.o(.ARM.Collect$$rtentry$$0000000C)
    __rt_exit                                0x0000032b   Thumb Code     0  rtexit.o(.ARM.Collect$$rtexit$$00000000)
    __rt_exit_ls                             0x0000032d   Thumb Code     0  rtexit2.o(.ARM.Collect$$rtexit$$00000003)
    __rt_exit_prels_1                        0x0000032d   Thumb Code     0  rtexit2.o(.ARM.Collect$$rtexit$$00000002)
    __rt_exit_exit                           0x00000331   Thumb Code     0  rtexit2.o(.ARM.Collect$$rtexit$$00000004)
    Reset_Handler                            0x00000339   Thumb Code     8  startup_tm4c123.o(.text)
    NMI_Handler                              0x00000341   Thumb Code     2  startup_tm4c123.o(.text)
    HardFault_Handler                        0x00000343   Thumb Code     2  startup_tm4c123.o(.text)
    MemManage_Handler                        0x00000345   Thumb Code     2  startup_tm4c123.o(.text)
    BusFault_Handler                         0x00000347   Thumb Code     2  startup_tm4c123.o(.text)
    UsageFault_Handler                       0x00000349   Thumb Code     2  startup_tm4c123.o(.text)
    DebugMon_Handler                         0x0000034d   Thumb Code     2  startup_tm4c123.o(.text)
    GPIOA_Handler                            0x00000353   Thumb Code     2  startup_tm4c123.o(.text)
    GPIOB_Handler                            0x00000355   Thumb Code     2  startup_tm4c123.o(.text)
    GPIOC_Handler                            0x00000357   Thumb Code     2  startup_tm4c123.o(.text)
    GPIOD_Handler                            0x00000359   Thumb Code     2  startup_tm4c123.o(.text)
    GPIOE_Handler                            0x0000035b   Thumb Code     2  startup_tm4c123.o(.text)
    UART0_Handler                            0x0000035d   Thumb Code     2  startup_tm4c123.o(.text)
    UART1_Handler                            0x0000035f   Thumb Code     2  startup_tm4c123.o(.text)
    SSI0_Handler                             0x00000361   Thumb Code     2  startup_tm4c123.o(.text)
    I2C0_Handler                             0x00000363   Thumb Code     2  startup_tm4c123.o(.text)
    PMW0_FAULT_Handler                       0x00000365   Thumb Code     2  startup_tm4c123.o(.text)
    PWM0_0_Handler                           0x00000367   Thumb Code     2  startup_tm4c123.o(.text)
    PWM0_1_Handler                           0x00000369   Thumb Code     2  startup_tm4c123.o(.text)
    PWM0_2_Handler                           0x0000036b   Thumb Code     2  startup_tm4c123.o(.text)
    QEI0_Handler                             0x0000036d   Thumb Code     2  startup_tm4c123.o(.text)
    ADC0SS0_Handler                          0x0000036f   Thumb Code     2  startup_tm4c123.o(.text)
    ADC0SS1_Handler                          0x00000371   Thumb Code     2  startup_tm4c123.o(.text)
    ADC0SS2_Handler                          0x00000373   Thumb Code     2  startup_tm4c123.o(.text)
    ADC0SS3_Handler                          0x00000375   Thumb Code     2  startup_tm4c123.o(.text)
    WDT0_Handler                             0x00000377   Thumb Code     2  startup_tm4c123.o(.text)
    TIMER0A_Handler                          0x00000379   Thumb Code     2  startup_tm4c123.o(.text)
    TIMER0B_Handler                          0x0000037b   Thumb Code     2  startup_tm4c123.o(.text)
    TIMER1A_Handler                          0x0000037d   Thumb Code     2  startup_tm4c123.o(.text)
    TIMER1B_Handler                          0x0000037f   Thumb Code     2  startup_tm4c123.o(.text)
    TIMER2A_Handler                          0x00000381   Thumb Code     2  startup_tm4c123.o(.text)
    TIMER2B_Handler                          0x00000383   Thumb Code     2  startup_tm4c123.o(.text)
    COMP0_Handler                            0x00000385   Thumb Code     2  startup_tm4c123.o(.text)
    COMP1_Handler                            0x00000387   Thumb Code     2  startup_tm4c123.o(.text)
    COMP2_Handler                            0x00000389   Thumb Code     2  startup_tm4c123.o(.text)
    SYSCTL_Handler                           0x0000038b   Thumb Code     2  startup_tm4c123.o(.text)
    FLASH_Handler                            0x0000038d   Thumb Code     2  startup_tm4c123.o(.text)
    GPIOG_Handler                            0x00000391   Thumb Code     2  startup_tm4c123.o(.text)
    GPIOH_Handler                            0x00000393   Thumb Code     2  startup_tm4c123.o(.text)
    UART2_Handler                            0x00000395   Thumb Code     2  startup_tm4c123.o(.text)
    SSI1_Handler                             0x00000397   Thumb Code     2  startup_tm4c123.o(.text)
    TIMER3A_Handler                          0x00000399   Thumb Code     2  startup_tm4c123.o(.text)
    TIMER3B_Handler                          0x0000039b   Thumb Code     2  startup_tm4c123.o(.text)
    I2C1_Handler                             0x0000039d   Thumb Code     2  startup_tm4c123.o(.text)
    QEI1_Handler                             0x0000039f   Thumb Code     2  startup_tm4c123.o(.text)
    CAN0_Handler                             0x000003a1   Thumb Code     2  startup_tm4c123.o(.text)
    CAN1_Handler                             0x000003a3   Thumb Code     2  startup_tm4c123.o(.text)
    CAN2_Handler                             0x000003a5   Thumb Code     2  startup_tm4c123.o(.text)
    HIB_Handler                              0x000003a7   Thumb Code     2  startup_tm4c123.o(.text)
    USB0_Handler                             0x000003a9   Thumb Code     2  startup_tm4c123.o(.text)
    PWM0_3_Handler                           0x000003ab   Thumb Code     2  startup_tm4c123.o(.text)
    UDMA_Handler                             0x000003ad   Thumb Code     2  startup_tm4c123.o(.text)
    UDMAERR_Handler                          0x000003af   Thumb Code     2  startup_tm4c123.o(.text)
    ADC1SS0_Handler                          0x000003b1   Thumb Code     2  startup_tm4c123.o(.text)
    ADC1SS1_Handler                          0x000003b3   Thumb Code     2  startup_tm4c123.o(.text)
    ADC1SS2_Handler                          0x000003b5   Thumb Code     2  startup_tm4c123.o(.text)
    ADC1SS3_Handler                          0x000003b7   Thumb Code     2  startup_tm4c123.o(.text)
    GPIOJ_Handler                            0x000003b9   Thumb Code     2  startup_tm4c123.o(.text)
    GPIOK_Handler                            0x000003bb   Thumb Code     2  startup_tm4c123.o(.text)
    GPIOL_Handler                            0x000003bd   Thumb Code     2  startup_tm4c123.o(.text)
    SSI2_Handler                             0x000003bf   Thumb Code     2  startup_tm4c123.o(.text)
    SSI3_Handler                             0x000003c1   Thumb Code     2  startup_tm4c123.o(.text)
    UART3_Handler                            0x000003c3   Thumb Code     2  startup_tm4c123.o(.text)
    UART4_Handler                            0x000003c5   Thumb Code     2  startup_tm4c123.o(.text)
    UART5_Handler                            0x000003c7   Thumb Code     2  startup_tm4c123.o(.text)
    UART6_Handler                            0x000003c9   Thumb Code     2  startup_tm4c123.o(.text)
    UART7_Handler                            0x000003cb   Thumb Code     2  startup_tm4c123.o(.text)
    I2C2_Handler                             0x000003cd   Thumb Code     2  startup_tm4c123.o(.text)
    I2C3_Handler                             0x000003cf   Thumb Code     2  startup_tm4c123.o(.text)
    TIMER4A_Handler                          0x000003d1   Thumb Code     2  startup_tm4c123.o(.text)
    TIMER4B_Handler                          0x000003d3   Thumb Code     2  startup_tm4c123.o(.text)
    TIMER5A_Handler                          0x000003d5   Thumb Code     2  startup_tm4c123.o(.text)
    TIMER5B_Handler                          0x000003d7   Thumb Code     2  startup_tm4c123.o(.text)
    WTIMER0A_Handler                         0x000003d9   Thumb Code     2  startup_tm4c123.o(.text)
    WTIMER0B_Handler                         0x000003db   Thumb Code     2  startup_tm4c123.o(.text)
    WTIMER1A_Handler                         0x000003dd   Thumb Code     2  startup_tm4c123.o(.text)
    WTIMER1B_Handler                         0x000003df   Thumb Code     2  startup_tm4c123.o(.text)
    WTIMER2A_Handler                         0x000003e1   Thumb Code     2  startup_tm4c123.o(.text)
    WTIMER2B_Handler                         0x000003e3   Thumb Code     2  startup_tm4c123.o(.text)
    WTIMER3A_Handler                         0x000003e5   Thumb Code     2  startup_tm4c123.o(.text)
    WTIMER3B_Handler                         0x000003e7   Thumb Code     2  startup_tm4c123.o(.text)
    WTIMER4A_Handler                         0x000003e9   Thumb Code     2  startup_tm4c123.o(.text)
    WTIMER4B_Handler                         0x000003eb   Thumb Code     2  startup_tm4c123.o(.text)
    WTIMER5A_Handler                         0x000003ed   Thumb Code     2  startup_tm4c123.o(.text)
    WTIMER5B_Handler                         0x000003ef   Thumb Code     2  startup_tm4c123.o(.text)
    FPU_Handler                              0x000003f1   Thumb Code     2  startup_tm4c123.o(.text)
    I2C4_Handler                             0x000003f3   Thumb Code     2  startup_tm4c123.o(.text)
    I2C5_Handler                             0x000003f5   Thumb Code     2  startup_tm4c123.o(.text)
    GPIOM_Handler                            0x000003f7   Thumb Code     2  startup_tm4c123.o(.text)
    GPION_Handler                            0x000003f9   Thumb Code     2  startup_tm4c123.o(.text)
    QEI2_Handler                             0x000003fb   Thumb Code     2  startup_tm4c123.o(.text)
    GPIOP0_Handler                           0x000003fd   Thumb Code     2  startup_tm4c123.o(.text)
    GPIOP1_Handler                           0x000003ff   Thumb Code     2  startup_tm4c123.o(.text)
    GPIOP2_Handler                           0x00000401   Thumb Code     2  startup_tm4c123.o(.text)
    GPIOP3_Handler                           0x00000403   Thumb Code     2  startup_tm4c123.o(.text)
    GPIOP4_Handler                           0x00000405   Thumb Code     2  startup_tm4c123.o(.text)
    GPIOP5_Handler                           0x00000407   Thumb Code     2  startup_tm4c123.o(.text)
    GPIOP6_Handler                           0x00000409   Thumb Code     2  startup_tm4c123.o(.text)
    GPIOP7_Handler                           0x0000040b   Thumb Code     2  startup_tm4c123.o(.text)
    GPIOQ0_Handler                           0x0000040d   Thumb Code     2  startup_tm4c123.o(.text)
    GPIOQ1_Handler                           0x0000040f   Thumb Code     2  startup_tm4c123.o(.text)
    GPIOQ2_Handler                           0x00000411   Thumb Code     2  startup_tm4c123.o(.text)
    GPIOQ3_Handler                           0x00000413   Thumb Code     2  startup_tm4c123.o(.text)
    GPIOQ4_Handler                           0x00000415   Thumb Code     2  startup_tm4c123.o(.text)
    GPIOQ5_Handler                           0x00000417   Thumb Code     2  startup_tm4c123.o(.text)
    GPIOQ6_Handler                           0x00000419   Thumb Code     2  startup_tm4c123.o(.text)
    GPIOQ7_Handler                           0x0000041b   Thumb Code     2  startup_tm4c123.o(.text)
    GPIOR_Handler                            0x0000041d   Thumb Code     2  startup_tm4c123.o(.text)
    GPIOS_Handler                            0x0000041f   Thumb Code     2  startup_tm4c123.o(.text)
    PMW1_0_Handler                           0x00000421   Thumb Code     2  startup_tm4c123.o(.text)
    PWM1_1_Handler                           0x00000423   Thumb Code     2  startup_tm4c123.o(.text)
    PWM1_2_Handler                           0x00000425   Thumb Code     2  startup_tm4c123.o(.text)
    PWM1_3_Handler                           0x00000427   Thumb Code     2  startup_tm4c123.o(.text)
    PWM1_FAULT_Handler                       0x00000429   Thumb Code     2  startup_tm4c123.o(.text)
    __user_initial_stackheap                 0x0000042d   Thumb Code     0  startup_tm4c123.o(.text)
    __aeabi_memcpy                           0x0000044d   Thumb Code     0  rt_memcpy_v6.o(.text)
    __rt_memcpy                              0x0000044d   Thumb Code   138  rt_memcpy_v6.o(.text)
    _memcpy_lastbytes                        0x000004b3   Thumb Code     0  rt_memcpy_v6.o(.text)
    __aeabi_memclr                           0x000004d7   Thumb Code     0  rt_memclr.o(.text)
    __rt_memclr                              0x000004d7   Thumb Code     0  rt_memclr.o(.text)
    _memset                                  0x000004db   Thumb Code    64  rt_memclr.o(.text)
    __use_two_region_memory                  0x0000051b   Thumb Code     2  heapauxi.o(.text)
    __rt_heap_escrow$2region                 0x0000051d   Thumb Code     2  heapauxi.o(.text)
    __rt_heap_expand$2region                 0x0000051f   Thumb Code     2  heapauxi.o(.text)
    __aeabi_memcpy4                          0x00000521   Thumb Code     0  rt_memcpy_w.o(.text)
    __aeabi_memcpy8                          0x00000521   Thumb Code     0  rt_memcpy_w.o(.text)
    __rt_memcpy_w                            0x00000521   Thumb Code   100  rt_memcpy_w.o(.text)
    _memcpy_lastbytes_aligned                0x00000569   Thumb Code     0  rt_memcpy_w.o(.text)
    __aeabi_memclr4                          0x00000585   Thumb Code     0  rt_memclr_w.o(.text)
    __aeabi_memclr8                          0x00000585   Thumb Code     0  rt_memclr_w.o(.text)
    __rt_memclr_w                            0x00000585   Thumb Code     0  rt_memclr_w.o(.text)
    _memset_w                                0x00000589   Thumb Code    74  rt_memclr_w.o(.text)
    __user_setup_stackheap                   0x000005d3   Thumb Code    74  sys_stackheap_outer.o(.text)
    exit                                     0x0000061d   Thumb Code    18  exit.o(.text)
    __user_libspace                          0x00000631   Thumb Code     8  libspace.o(.text)
    __user_perproc_libspace                  0x00000631   Thumb Code     0  libspace.o(.text)
    __user_perthread_libspace                0x00000631   Thumb Code     0  libspace.o(.text)
    _sys_exit                                0x00000639   Thumb Code     8  sys_exit.o(.text)
    __I$use$semihosting                      0x00000645   Thumb Code     0  use_no_semi.o(.text)
    __use_no_semihosting_swi                 0x00000645   Thumb Code     2  use_no_semi.o(.text)
    __semihosting_library_function           0x00000647   Thumb Code     0  indicate_semi.o(.text)
    GPIOF_Handler                            0x00000649   Thumb Code    66  main.o(.text.GPIOF_Handler)
    PendSV_Handler                           0x00000691   Thumb Code   100  port.o(.text.PendSV_Handler)
    SVC_Handler                              0x00000701   Thumb Code    36  port.o(.text.SVC_Handler)
    SysTick_Handler                          0x00000725   Thumb Code    46  port.o(.text.SysTick_Handler)
    SystemInit                               0x00000755   Thumb Code   112  system_tm4c123.o(.text.SystemInit)
    Task_Driver                              0x000007c5   Thumb Code   282  main.o(.text.Task_Driver)
    Task_Passenger                           0x000008e1   Thumb Code   274  main.o(.text.Task_Passenger)
    Task_Safety                              0x00000a41   Thumb Code    56  main.o(.text.Task_Safety)
    main                                     0x00000a79   Thumb Code   300  main.o(.text.main)
    pvPortMalloc                             0x000010c1   Thumb Code   106  heap_1.o(.text.pvPortMalloc)
    pvTaskIncrementMutexHeldCount            0x0000112d   Thumb Code    24  tasks.o(.text.pvTaskIncrementMutexHeldCount)
    pxPortInitialiseStack                    0x00001145   Thumb Code    36  port.o(.text.pxPortInitialiseStack)
    uxListRemove                             0x00001169   Thumb Code    36  list.o(.text.uxListRemove)
    uxQueueMessagesWaiting                   0x0000118d   Thumb Code    38  queue.o(.text.uxQueueMessagesWaiting)
    uxTaskGetNumberOfTasks                   0x000011b5   Thumb Code    12  tasks.o(.text.uxTaskGetNumberOfTasks)
    vApplicationIdleHook                     0x000011c1   Thumb Code     2  main.o(.text.vApplicationIdleHook)
    vListInitialise                          0x000011c5   Thumb Code    22  list.o(.text.vListInitialise)
    vListInitialiseItem                      0x000011dd   Thumb Code     6  list.o(.text.vListInitialiseItem)
    vListInsert                              0x000011e5   Thumb Code    58  list.o(.text.vListInsert)
    vPortEnterCritical                       0x00001235   Thumb Code    70  port.o(.text.vPortEnterCritical)
    vPortExitCritical                        0x0000127d   Thumb Code    46  port.o(.text.vPortExitCritical)
    vPortFree                                0x000012ad   Thumb Code    26  heap_1.o(.text.vPortFree)
    vPortSetupTimerInterrupt                 0x000012c9   Thumb Code    34  port.o(.text.vPortSetupTimerInterrupt)
    vPortValidateInterruptPriority           0x000012ed   Thumb Code    98  port.o(.text.vPortValidateInterruptPriority)
    vQueueWaitForMessageRestricted           0x00001351   Thumb Code    70  queue.o(.text.vQueueWaitForMessageRestricted)
    vTaskInternalSetTimeOutState             0x00001399   Thumb Code    26  tasks.o(.text.vTaskInternalSetTimeOutState)
    vTaskMissedYield                         0x000013b5   Thumb Code    14  tasks.o(.text.vTaskMissedYield)
    vTaskPlaceOnEventList                    0x000013c5   Thumb Code   154  tasks.o(.text.vTaskPlaceOnEventList)
    vTaskPlaceOnEventListRestricted          0x00001461   Thumb Code   198  tasks.o(.text.vTaskPlaceOnEventListRestricted)
    vTaskPriorityDisinheritAfterTimeout      0x00001529   Thumb Code   206  tasks.o(.text.vTaskPriorityDisinheritAfterTimeout)
    vTaskStartScheduler                      0x000015f9   Thumb Code   148  tasks.o(.text.vTaskStartScheduler)
    vTaskSuspendAll                          0x00001695   Thumb Code    16  tasks.o(.text.vTaskSuspendAll)
    vTaskSwitchContext                       0x000016a5   Thumb Code   134  tasks.o(.text.vTaskSwitchContext)
    xPortStartScheduler                      0x0000172d   Thumb Code   306  port.o(.text.xPortStartScheduler)
    xQueueCreateMutex                        0x00001861   Thumb Code   112  queue.o(.text.xQueueCreateMutex)
    xQueueGenericCreate                      0x000018d1   Thumb Code   138  queue.o(.text.xQueueGenericCreate)
    xQueueGenericSend                        0x0000195d   Thumb Code   580  queue.o(.text.xQueueGenericSend)
    xQueueGiveFromISR                        0x00001ba1   Thumb Code   258  queue.o(.text.xQueueGiveFromISR)
    xQueueReceive                            0x00001ca5   Thumb Code   424  queue.o(.text.xQueueReceive)
    xQueueSemaphoreTake                      0x00001e4d   Thumb Code   444  queue.o(.text.xQueueSemaphoreTake)
    xTaskCheckForTimeOut                     0x00002009   Thumb Code   130  tasks.o(.text.xTaskCheckForTimeOut)
    xTaskCreate                              0x0000208d   Thumb Code   482  tasks.o(.text.xTaskCreate)
    xTaskGetSchedulerState                   0x00002271   Thumb Code    38  tasks.o(.text.xTaskGetSchedulerState)
    xTaskGetTickCount                        0x00002299   Thumb Code    12  tasks.o(.text.xTaskGetTickCount)
    xTaskIncrementTick                       0x000022a5   Thumb Code   442  tasks.o(.text.xTaskIncrementTick)
    xTaskPriorityDisinherit                  0x00002461   Thumb Code   194  tasks.o(.text.xTaskPriorityDisinherit)
    xTaskPriorityInherit                     0x00002525   Thumb Code   190  tasks.o(.text.xTaskPriorityInherit)
    xTaskRemoveFromEventList                 0x000025e5   Thumb Code   232  tasks.o(.text.xTaskRemoveFromEventList)
    xTaskResumeAll                           0x000026cd   Thumb Code   384  tasks.o(.text.xTaskResumeAll)
    xTimerCreateTimerTask                    0x0000284d   Thumb Code   156  timers.o(.text.xTimerCreateTimerTask)
    _fp_init                                 0x000028f1   Thumb Code    26  fpinit.o(x$fpl$fpinit)
    __fplib_config_fpu_vfp                   0x00002909   Thumb Code     0  fpinit.o(x$fpl$fpinit)
    __fplib_config_pureend_doubles           0x00002909   Thumb Code     0  fpinit.o(x$fpl$fpinit)
    uxTopUsedPriority                        0x0000290c   Data           4  tasks.o(.rodata.uxTopUsedPriority)
    Region$$Table$$Base                      0x00002910   Number         0  anon$$obj.o(Region$$Table)
    Region$$Table$$Limit                     0x00002930   Number         0  anon$$obj.o(Region$$Table)
    SystemCoreClock                          0x20000000   Data           4  system_tm4c123.o(.data.SystemCoreClock)
    __libspace_start                         0x20000008   Data          96  libspace.o(.bss)
    __temporary_stack_top$libspace           0x20000068   Data           0  libspace.o(.bss)
    counter                                  0x20000068   Data           4  main.o(.bss.counter)
    pxCurrentTCB                             0x20000074   Data           4  tasks.o(.bss.pxCurrentTCB)
    xBinarySemaphore                         0x200011f8   Data           4  main.o(.bss.xBinarySemaphore)
    xMutex                                   0x20001228   Data           4  main.o(.bss.xMutex)
    xQueue                                   0x20001250   Data           4  main.o(.bss.xQueue)



==============================================================================

Memory Map of the image

  Image Entry point : 0x00000339

  Load Region LR_1 (Base: 0x00000000, Size: 0x00002938, Max: 0xffffffff, ABSOLUTE)

    Execution Region ER_RO (Exec base: 0x00000000, Load base: 0x00000000, Size: 0x00002930, Max: 0xffffffff, ABSOLUTE)

    Exec Addr    Load Addr    Size         Type   Attr      Idx    E Section Name        Object

    0x00000000   0x00000000   0x0000026c   Data   RO           62    RESET               startup_tm4c123.o
    0x0000026c   0x0000026c   0x00000008   Code   RO          390  * !!!main             c_w.l(__main.o)
    0x00000274   0x00000274   0x0000005c   Code   RO          559    !!!scatter          c_w.l(__scatter.o)
    0x000002d0   0x000002d0   0x0000001a   Code   RO          563    !!handler_copy      c_w.l(__scatter_copy.o)
    0x000002ea   0x000002ea   0x00000002   PAD
    0x000002ec   0x000002ec   0x00000002   Code   RO          560    !!handler_null      c_w.l(__scatter.o)
    0x000002ee   0x000002ee   0x00000002   PAD
    0x000002f0   0x000002f0   0x0000001c   Code   RO          565    !!handler_zi        c_w.l(__scatter_zi.o)
    0x0000030c   0x0000030c   0x00000002   Code   RO          421    .ARM.Collect$$libinit$$00000000  c_w.l(libinit.o)
    0x0000030e   0x0000030e   0x00000004   Code   RO          427    .ARM.Collect$$libinit$$00000001  c_w.l(libinit2.o)
    0x00000312   0x00000312   0x00000000   Code   RO          430    .ARM.Collect$$libinit$$00000004  c_w.l(libinit2.o)
    0x00000312   0x00000312   0x00000000   Code   RO          432    .ARM.Collect$$libinit$$00000006  c_w.l(libinit2.o)
    0x00000312   0x00000312   0x00000000   Code   RO          435    .ARM.Collect$$libinit$$0000000C  c_w.l(libinit2.o)
    0x00000312   0x00000312   0x00000000   Code   RO          437    .ARM.Collect$$libinit$$0000000E  c_w.l(libinit2.o)
    0x00000312   0x00000312   0x00000000   Code   RO          439    .ARM.Collect$$libinit$$00000010  c_w.l(libinit2.o)
    0x00000312   0x00000312   0x00000000   Code   RO          442    .ARM.Collect$$libinit$$00000013  c_w.l(libinit2.o)
    0x00000312   0x00000312   0x00000000   Code   RO          444    .ARM.Collect$$libinit$$00000015  c_w.l(libinit2.o)
    0x00000312   0x00000312   0x00000000   Code   RO          446    .ARM.Collect$$libinit$$00000017  c_w.l(libinit2.o)
    0x00000312   0x00000312   0x00000000   Code   RO          448    .ARM.Collect$$libinit$$00000019  c_w.l(libinit2.o)
    0x00000312   0x00000312   0x00000000   Code   RO          450    .ARM.Collect$$libinit$$0000001B  c_w.l(libinit2.o)
    0x00000312   0x00000312   0x00000000   Code   RO          452    .ARM.Collect$$libinit$$0000001D  c_w.l(libinit2.o)
    0x00000312   0x00000312   0x00000000   Code   RO          454    .ARM.Collect$$libinit$$0000001F  c_w.l(libinit2.o)
    0x00000312   0x00000312   0x00000000   Code   RO          456    .ARM.Collect$$libinit$$00000021  c_w.l(libinit2.o)
    0x00000312   0x00000312   0x00000000   Code   RO          458    .ARM.Collect$$libinit$$00000023  c_w.l(libinit2.o)
    0x00000312   0x00000312   0x00000000   Code   RO          460    .ARM.Collect$$libinit$$00000025  c_w.l(libinit2.o)
    0x00000312   0x00000312   0x00000000   Code   RO          462    .ARM.Collect$$libinit$$00000027  c_w.l(libinit2.o)
    0x00000312   0x00000312   0x00000000   Code   RO          466    .ARM.Collect$$libinit$$0000002E  c_w.l(libinit2.o)
    0x00000312   0x00000312   0x00000000   Code   RO          468    .ARM.Collect$$libinit$$00000030  c_w.l(libinit2.o)
    0x00000312   0x00000312   0x00000000   Code   RO          470    .ARM.Collect$$libinit$$00000032  c_w.l(libinit2.o)
    0x00000312   0x00000312   0x00000000   Code   RO          472    .ARM.Collect$$libinit$$00000034  c_w.l(libinit2.o)
    0x00000312   0x00000312   0x00000002   Code   RO          473    .ARM.Collect$$libinit$$00000035  c_w.l(libinit2.o)
    0x00000314   0x00000314   0x00000002   Code   RO          495    .ARM.Collect$$libshutdown$$00000000  c_w.l(libshutdown.o)
    0x00000316   0x00000316   0x00000000   Code   RO          510    .ARM.Collect$$libshutdown$$00000002  c_w.l(libshutdown2.o)
    0x00000316   0x00000316   0x00000000   Code   RO          512    .ARM.Collect$$libshutdown$$00000004  c_w.l(libshutdown2.o)
    0x00000316   0x00000316   0x00000000   Code   RO          515    .ARM.Collect$$libshutdown$$00000007  c_w.l(libshutdown2.o)
    0x00000316   0x00000316   0x00000000   Code   RO          518    .ARM.Collect$$libshutdown$$0000000A  c_w.l(libshutdown2.o)
    0x00000316   0x00000316   0x00000000   Code   RO          520    .ARM.Collect$$libshutdown$$0000000C  c_w.l(libshutdown2.o)
    0x00000316   0x00000316   0x00000000   Code   RO          523    .ARM.Collect$$libshutdown$$0000000F  c_w.l(libshutdown2.o)
    0x00000316   0x00000316   0x00000002   Code   RO          524    .ARM.Collect$$libshutdown$$00000010  c_w.l(libshutdown2.o)
    0x00000318   0x00000318   0x00000000   Code   RO          392    .ARM.Collect$$rtentry$$00000000  c_w.l(__rtentry.o)
    0x00000318   0x00000318   0x00000000   Code   RO          398    .ARM.Collect$$rtentry$$00000002  c_w.l(__rtentry2.o)
    0x00000318   0x00000318   0x00000006   Code   RO          410    .ARM.Collect$$rtentry$$00000004  c_w.l(__rtentry4.o)
    0x0000031e   0x0000031e   0x00000000   Code   RO          400    .ARM.Collect$$rtentry$$00000009  c_w.l(__rtentry2.o)
    0x0000031e   0x0000031e   0x00000004   Code   RO          401    .ARM.Collect$$rtentry$$0000000A  c_w.l(__rtentry2.o)
    0x00000322   0x00000322   0x00000000   Code   RO          403    .ARM.Collect$$rtentry$$0000000C  c_w.l(__rtentry2.o)
    0x00000322   0x00000322   0x00000008   Code   RO          404    .ARM.Collect$$rtentry$$0000000D  c_w.l(__rtentry2.o)
    0x0000032a   0x0000032a   0x00000002   Code   RO          425    .ARM.Collect$$rtexit$$00000000  c_w.l(rtexit.o)
    0x0000032c   0x0000032c   0x00000000   Code   RO          475    .ARM.Collect$$rtexit$$00000002  c_w.l(rtexit2.o)
    0x0000032c   0x0000032c   0x00000004   Code   RO          476    .ARM.Collect$$rtexit$$00000003  c_w.l(rtexit2.o)
    0x00000330   0x00000330   0x00000006   Code   RO          477    .ARM.Collect$$rtexit$$00000004  c_w.l(rtexit2.o)
    0x00000336   0x00000336   0x00000002   PAD
    0x00000338   0x00000338   0x00000114   Code   RO           63  * .text               startup_tm4c123.o
    0x0000044c   0x0000044c   0x0000008a   Code   RO          384    .text               c_w.l(rt_memcpy_v6.o)
    0x000004d6   0x000004d6   0x00000044   Code   RO          386    .text               c_w.l(rt_memclr.o)
    0x0000051a   0x0000051a   0x00000006   Code   RO          388    .text               c_w.l(heapauxi.o)
    0x00000520   0x00000520   0x00000064   Code   RO          393    .text               c_w.l(rt_memcpy_w.o)
    0x00000584   0x00000584   0x0000004e   Code   RO          395    .text               c_w.l(rt_memclr_w.o)
    0x000005d2   0x000005d2   0x0000004a   Code   RO          412    .text               c_w.l(sys_stackheap_outer.o)
    0x0000061c   0x0000061c   0x00000012   Code   RO          414    .text               c_w.l(exit.o)
    0x0000062e   0x0000062e   0x00000002   PAD
    0x00000630   0x00000630   0x00000008   Code   RO          422    .text               c_w.l(libspace.o)
    0x00000638   0x00000638   0x0000000c   Code   RO          485    .text               c_w.l(sys_exit.o)
    0x00000644   0x00000644   0x00000002   Code   RO          500    .text               c_w.l(use_no_semi.o)
    0x00000646   0x00000646   0x00000000   Code   RO          502    .text               c_w.l(indicate_semi.o)
    0x00000646   0x00000646   0x00000002   PAD
    0x00000648   0x00000648   0x00000042   Code   RO           26    .text.GPIOF_Handler  main.o
    0x0000068a   0x0000068a   0x00000006   PAD
    0x00000690   0x00000690   0x00000064   Code   RO          123    .text.PendSV_Handler  port.o
    0x000006f4   0x000006f4   0x0000000c   PAD
    0x00000700   0x00000700   0x00000024   Code   RO          107    .text.SVC_Handler   port.o
    0x00000724   0x00000724   0x0000002e   Code   RO          125    .text.SysTick_Handler  port.o
    0x00000752   0x00000752   0x00000002   PAD
    0x00000754   0x00000754   0x00000070   Code   RO           72    .text.SystemInit    system_tm4c123.o
    0x000007c4   0x000007c4   0x0000011a   Code   RO           16    .text.Task_Driver   main.o
    0x000008de   0x000008de   0x00000002   PAD
    0x000008e0   0x000008e0   0x00000112   Code   RO           18    .text.Task_Passenger  main.o
    0x000009f2   0x000009f2   0x00000002   PAD
    0x000009f4   0x000009f4   0x0000004c   Code   RO           28    .text.Task_Rec      main.o
    0x00000a40   0x00000a40   0x00000038   Code   RO           20    .text.Task_Safety   main.o
    0x00000a78   0x00000a78   0x00000164   Code   RO           24    .text.main          main.o
    0x00000bdc   0x00000bdc   0x0000007a   Code   RO          245    .text.prvIdleTask   tasks.o
    0x00000c56   0x00000c56   0x00000002   PAD
    0x00000c58   0x00000c58   0x000000cc   Code   RO          175    .text.prvNotifyQueueSetContainer  queue.o
    0x00000d24   0x00000d24   0x00000028   Code   RO          115    .text.prvPortStartFirstTask  port.o
    0x00000d4c   0x00000d4c   0x0000007c   Code   RO          366    .text.prvProcessExpiredTimer  timers.o
    0x00000dc8   0x00000dc8   0x00000032   Code   RO          105    .text.prvTaskExitError  port.o
    0x00000dfa   0x00000dfa   0x00000002   PAD
    0x00000dfc   0x00000dfc   0x0000023a   Code   RO          340    .text.prvTimerTask  timers.o
    0x00001036   0x00001036   0x00000002   PAD
    0x00001038   0x00001038   0x00000088   Code   RO          177    .text.prvUnlockQueue  queue.o
    0x000010c0   0x000010c0   0x0000006a   Code   RO          140    .text.pvPortMalloc  heap_1.o
    0x0000112a   0x0000112a   0x00000002   PAD
    0x0000112c   0x0000112c   0x00000018   Code   RO          293    .text.pvTaskIncrementMutexHeldCount  tasks.o
    0x00001144   0x00001144   0x00000024   Code   RO          103    .text.pxPortInitialiseStack  port.o
    0x00001168   0x00001168   0x00000024   Code   RO           93    .text.uxListRemove  list.o
    0x0000118c   0x0000118c   0x00000026   Code   RO          191    .text.uxQueueMessagesWaiting  queue.o
    0x000011b2   0x000011b2   0x00000002   PAD
    0x000011b4   0x000011b4   0x0000000c   Code   RO          255    .text.uxTaskGetNumberOfTasks  tasks.o
    0x000011c0   0x000011c0   0x00000002   Code   RO           22    .text.vApplicationIdleHook  main.o
    0x000011c2   0x000011c2   0x00000002   PAD
    0x000011c4   0x000011c4   0x00000016   Code   RO           85    .text.vListInitialise  list.o
    0x000011da   0x000011da   0x00000002   PAD
    0x000011dc   0x000011dc   0x00000006   Code   RO           87    .text.vListInitialiseItem  list.o
    0x000011e2   0x000011e2   0x00000002   PAD
    0x000011e4   0x000011e4   0x0000003a   Code   RO           91    .text.vListInsert   list.o
    0x0000121e   0x0000121e   0x00000002   PAD
    0x00001220   0x00001220   0x00000014   Code   RO          113    .text.vPortEnableVFP  port.o
    0x00001234   0x00001234   0x00000046   Code   RO          119    .text.vPortEnterCritical  port.o
    0x0000127a   0x0000127a   0x00000002   PAD
    0x0000127c   0x0000127c   0x0000002e   Code   RO          121    .text.vPortExitCritical  port.o
    0x000012aa   0x000012aa   0x00000002   PAD
    0x000012ac   0x000012ac   0x0000001a   Code   RO          142    .text.vPortFree     heap_1.o
    0x000012c6   0x000012c6   0x00000002   PAD
    0x000012c8   0x000012c8   0x00000022   Code   RO          111    .text.vPortSetupTimerInterrupt  port.o
    0x000012ea   0x000012ea   0x00000002   PAD
    0x000012ec   0x000012ec   0x00000062   Code   RO          127    .text.vPortValidateInterruptPriority  port.o
    0x0000134e   0x0000134e   0x00000002   PAD
    0x00001350   0x00001350   0x00000046   Code   RO          203    .text.vQueueWaitForMessageRestricted  queue.o
    0x00001396   0x00001396   0x00000002   PAD
    0x00001398   0x00001398   0x0000001a   Code   RO          275    .text.vTaskInternalSetTimeOutState  tasks.o
    0x000013b2   0x000013b2   0x00000002   PAD
    0x000013b4   0x000013b4   0x0000000e   Code   RO          279    .text.vTaskMissedYield  tasks.o
    0x000013c2   0x000013c2   0x00000002   PAD
    0x000013c4   0x000013c4   0x0000009a   Code   RO          263    .text.vTaskPlaceOnEventList  tasks.o
    0x0000145e   0x0000145e   0x00000002   PAD
    0x00001460   0x00001460   0x000000c6   Code   RO          267    .text.vTaskPlaceOnEventListRestricted  tasks.o
    0x00001526   0x00001526   0x00000002   PAD
    0x00001528   0x00001528   0x000000ce   Code   RO          289    .text.vTaskPriorityDisinheritAfterTimeout  tasks.o
    0x000015f6   0x000015f6   0x00000002   PAD
    0x000015f8   0x000015f8   0x0000009c   Code   RO          243    .text.vTaskStartScheduler  tasks.o
    0x00001694   0x00001694   0x00000010   Code   RO          229    .text.vTaskSuspendAll  tasks.o
    0x000016a4   0x000016a4   0x00000086   Code   RO          261    .text.vTaskSwitchContext  tasks.o
    0x0000172a   0x0000172a   0x00000002   PAD
    0x0000172c   0x0000172c   0x00000132   Code   RO          109    .text.xPortStartScheduler  port.o
    0x0000185e   0x0000185e   0x00000002   PAD
    0x00001860   0x00001860   0x00000070   Code   RO          163    .text.xQueueCreateMutex  queue.o
    0x000018d0   0x000018d0   0x0000008a   Code   RO          161    .text.xQueueGenericCreate  queue.o
    0x0000195a   0x0000195a   0x00000002   PAD
    0x0000195c   0x0000195c   0x00000244   Code   RO          167    .text.xQueueGenericSend  queue.o
    0x00001ba0   0x00001ba0   0x00000102   Code   RO          181    .text.xQueueGiveFromISR  queue.o
    0x00001ca2   0x00001ca2   0x00000002   PAD
    0x00001ca4   0x00001ca4   0x000001a8   Code   RO          183    .text.xQueueReceive  queue.o
    0x00001e4c   0x00001e4c   0x000001bc   Code   RO          171    .text.xQueueSemaphoreTake  queue.o
    0x00002008   0x00002008   0x00000082   Code   RO          277    .text.xTaskCheckForTimeOut  tasks.o
    0x0000208a   0x0000208a   0x00000002   PAD
    0x0000208c   0x0000208c   0x000001e2   Code   RO          223    .text.xTaskCreate   tasks.o
    0x0000226e   0x0000226e   0x00000002   PAD
    0x00002270   0x00002270   0x00000026   Code   RO          283    .text.xTaskGetSchedulerState  tasks.o
    0x00002296   0x00002296   0x00000002   PAD
    0x00002298   0x00002298   0x0000000c   Code   RO          251    .text.xTaskGetTickCount  tasks.o
    0x000022a4   0x000022a4   0x000001ba   Code   RO          249    .text.xTaskIncrementTick  tasks.o
    0x0000245e   0x0000245e   0x00000002   PAD
    0x00002460   0x00002460   0x000000c2   Code   RO          287    .text.xTaskPriorityDisinherit  tasks.o
    0x00002522   0x00002522   0x00000002   PAD
    0x00002524   0x00002524   0x000000be   Code   RO          285    .text.xTaskPriorityInherit  tasks.o
    0x000025e2   0x000025e2   0x00000002   PAD
    0x000025e4   0x000025e4   0x000000e8   Code   RO          269    .text.xTaskRemoveFromEventList  tasks.o
    0x000026cc   0x000026cc   0x00000180   Code   RO          231    .text.xTaskResumeAll  tasks.o
    0x0000284c   0x0000284c   0x000000a4   Code   RO          338    .text.xTimerCreateTimerTask  timers.o
    0x000028f0   0x000028f0   0x0000001a   Code   RO          483    x$fpl$fpinit        fz_wm.l(fpinit.o)
    0x0000290a   0x0000290a   0x00000002   PAD
    0x0000290c   0x0000290c   0x00000004   Data   RO          310    .rodata.uxTopUsedPriority  tasks.o
    0x00002910   0x00002910   0x00000020   Data   RO          558    Region$$Table       anon$$obj.o


    Execution Region ER_RW (Exec base: 0x20000000, Load base: 0x00002930, Size: 0x00000008, Max: 0xffffffff, ABSOLUTE)

    Exec Addr    Load Addr    Size         Type   Attr      Idx    E Section Name        Object

    0x20000000   0x00002930   0x00000004   Data   RW           74    .data.SystemCoreClock  system_tm4c123.o
    0x20000004   0x00002934   0x00000004   Data   RW          131    .data.uxCriticalNesting  port.o


    Execution Region ER_ZI (Exec base: 0x20000008, Load base: 0x00002938, Size: 0x00001478, Max: 0xffffffff, ABSOLUTE)

    Exec Addr    Load Addr    Size         Type   Attr      Idx    E Section Name        Object

    0x20000008        -       0x00000060   Zero   RW          423    .bss                c_w.l(libspace.o)
    0x20000068        -       0x00000004   Zero   RW           30    .bss.counter        main.o
    0x2000006c        -       0x00000004   Zero   RW          372    .bss.prvSampleTimeNow.xLastTime  timers.o
    0x20000070        -       0x00000004   Zero   RW          148    .bss.pvPortMalloc.pucAlignedHeap  heap_1.o
    0x20000074        -       0x00000004   Zero   RW          309    .bss.pxCurrentTCB   tasks.o
    0x20000078        -       0x00000004   Zero   RW          370    .bss.pxCurrentTimerList  timers.o
    0x2000007c        -       0x00000004   Zero   RW          320    .bss.pxDelayedTaskList  tasks.o
    0x20000080        -       0x00000004   Zero   RW          321    .bss.pxOverflowDelayedTaskList  tasks.o
    0x20000084        -       0x00000004   Zero   RW          371    .bss.pxOverflowTimerList  timers.o
    0x20000088        -       0x0000012c   Zero   RW          311    .bss.pxReadyTasksLists  tasks.o
    0x200001b4        -       0x00001000   Zero   RW          149    .bss.ucHeap         heap_1.o
    0x200011b4        -       0x00000001   Zero   RW          129    .bss.ucMaxSysCallPriority  port.o
    0x200011b5   0x00002938   0x00000003   PAD
    0x200011b8        -       0x00000004   Zero   RW          130    .bss.ulMaxPRIGROUPValue  port.o
    0x200011bc        -       0x00000004   Zero   RW          316    .bss.uxCurrentNumberOfTasks  tasks.o
    0x200011c0        -       0x00000004   Zero   RW          315    .bss.uxDeletedTasksWaitingCleanUp  tasks.o
    0x200011c4        -       0x00000004   Zero   RW          318    .bss.uxSchedulerSuspended  tasks.o
    0x200011c8        -       0x00000004   Zero   RW          313    .bss.uxTaskNumber   tasks.o
    0x200011cc        -       0x00000004   Zero   RW          312    .bss.uxTopReadyPriority  tasks.o
    0x200011d0        -       0x00000014   Zero   RW          373    .bss.xActiveTimerList1  timers.o
    0x200011e4        -       0x00000014   Zero   RW          374    .bss.xActiveTimerList2  timers.o
    0x200011f8        -       0x00000004   Zero   RW           33    .bss.xBinarySemaphore  main.o
    0x200011fc        -       0x00000014   Zero   RW          328    .bss.xDelayedTaskList1  tasks.o
    0x20001210        -       0x00000014   Zero   RW          329    .bss.xDelayedTaskList2  tasks.o
    0x20001224        -       0x00000004   Zero   RW          322    .bss.xIdleTaskHandle  tasks.o
    0x20001228        -       0x00000004   Zero   RW           31    .bss.xMutex         main.o
    0x2000122c        -       0x00000004   Zero   RW          150    .bss.xNextFreeByte  heap_1.o
    0x20001230        -       0x00000004   Zero   RW          323    .bss.xNextTaskUnblockTime  tasks.o
    0x20001234        -       0x00000004   Zero   RW          327    .bss.xNumOfOverflows  tasks.o
    0x20001238        -       0x00000004   Zero   RW          326    .bss.xPendedTicks   tasks.o
    0x2000123c        -       0x00000014   Zero   RW          324    .bss.xPendingReadyList  tasks.o
    0x20001250        -       0x00000004   Zero   RW           32    .bss.xQueue         main.o
    0x20001254        -       0x00000004   Zero   RW          317    .bss.xSchedulerRunning  tasks.o
    0x20001258        -       0x00000014   Zero   RW          314    .bss.xTasksWaitingTermination  tasks.o
    0x2000126c        -       0x00000004   Zero   RW          319    .bss.xTickCount     tasks.o
    0x20001270        -       0x00000004   Zero   RW          368    .bss.xTimerQueue    timers.o
    0x20001274        -       0x00000004   Zero   RW          369    .bss.xTimerTaskHandle  timers.o
    0x20001278        -       0x00000004   Zero   RW          325    .bss.xYieldPending  tasks.o
    0x2000127c   0x00002938   0x00000004   PAD
    0x20001280        -       0x00000000   Zero   RW           61    HEAP                startup_tm4c123.o
    0x20001280        -       0x00000200   Zero   RW           60    STACK               startup_tm4c123.o


==============================================================================

Image component sizes


      Code (inc. data)   RO Data    RW Data    ZI Data      Debug   Object Name

       132          0          0          0       4104       1852   heap_1.o
       122          0          0          0          0       2332   list.o
      1112         56          0          0         16      10825   main.o
       882         16          0          4          5       4165   port.o
      2404          0          0          0          0      22690   queue.o
       276         24        620          0        512       5476   startup_tm4c123.o
       112          0          0          4          0       6453   system_tm4c123.o
      3166          8          4          0        440      27680   tasks.o
       858         18          0          0         60      11944   timers.o

    ----------------------------------------------------------------------
      9148        134        656          8       5144      93417   Object Totals
         0          0         32          0          0          0   (incl. Generated)
        84         12          0          0          7          0   (incl. Padding)

    ----------------------------------------------------------------------

      Code (inc. data)   RO Data    RW Data    ZI Data      Debug   Library Member Name

         8          0          0          0          0         68   __main.o
         0          0          0          0          0          0   __rtentry.o
        12          0          0          0          0          0   __rtentry2.o
         6          0          0          0          0          0   __rtentry4.o
        94          8          0          0          0          0   __scatter.o
        26          0          0          0          0          0   __scatter_copy.o
        28          0          0          0          0          0   __scatter_zi.o
        18          0          0          0          0         80   exit.o
         6          0          0          0          0        152   heapauxi.o
         0          0          0          0          0          0   indicate_semi.o
         2          0          0          0          0          0   libinit.o
         6          0          0          0          0          0   libinit2.o
         2          0          0          0          0          0   libshutdown.o
         2          0          0          0          0          0   libshutdown2.o
         8          4          0          0         96         68   libspace.o
        68          0          0          0          0         68   rt_memclr.o
        78          0          0          0          0         80   rt_memclr_w.o
       138          0          0          0          0         68   rt_memcpy_v6.o
       100          0          0          0          0         80   rt_memcpy_w.o
         2          0          0          0          0          0   rtexit.o
        10          0          0          0          0          0   rtexit2.o
        12          4          0          0          0         68   sys_exit.o
        74          0          0          0          0         80   sys_stackheap_outer.o
         2          0          0          0          0         68   use_no_semi.o
        26          0          0          0          0        116   fpinit.o

    ----------------------------------------------------------------------
       740         16          0          0         96        996   Library Totals
        12          0          0          0          0          0   (incl. Padding)

    ----------------------------------------------------------------------

      Code (inc. data)   RO Data    RW Data    ZI Data      Debug   Library Name

       702         16          0          0         96        880   c_w.l
        26          0          0          0          0        116   fz_wm.l

    ----------------------------------------------------------------------
       740         16          0          0         96        996   Library Totals

    ----------------------------------------------------------------------

==============================================================================


      Code (inc. data)   RO Data    RW Data    ZI Data      Debug   

      9888        150        656          8       5240      93977   Grand Totals
      9888        150        656          8       5240      93977   ELF Image Totals
      9888        150        656          8          0          0   ROM Totals

==============================================================================

    Total RO  Size (Code + RO Data)                10544 (  10.30kB)
    Total RW  Size (RW Data + ZI Data)              5248 (   5.12kB)
    Total ROM Size (Code + RO Data + RW Data)      10552 (  10.30kB)

==============================================================================

